Archive member included to satisfy reference by file (symbol)

/opt/st/stm32cubeide_1.7.0/plugins/com.st.stm32cube.ide.mcu.externaltools.gnu-tools-for-stm32.9-2020-q2-update.linux64_2.0.0.202105311346/tools/bin/../lib/gcc/arm-none-eabi/9.3.1/../../../../arm-none-eabi/lib/thumb/v7e-m+fp/hard/libstdc++_nano.a(pure.o)
                              ./Core/Src/mainpp.o (__cxa_pure_virtual)
/opt/st/stm32cubeide_1.7.0/plugins/com.st.stm32cube.ide.mcu.externaltools.gnu-tools-for-stm32.9-2020-q2-update.linux64_2.0.0.202105311346/tools/bin/../lib/gcc/arm-none-eabi/9.3.1/../../../../arm-none-eabi/lib/thumb/v7e-m+fp/hard/libstdc++_nano.a(eh_terminate.o)
                              /opt/st/stm32cubeide_1.7.0/plugins/com.st.stm32cube.ide.mcu.externaltools.gnu-tools-for-stm32.9-2020-q2-update.linux64_2.0.0.202105311346/tools/bin/../lib/gcc/arm-none-eabi/9.3.1/../../../../arm-none-eabi/lib/thumb/v7e-m+fp/hard/libstdc++_nano.a(pure.o) (std::terminate())
/opt/st/stm32cubeide_1.7.0/plugins/com.st.stm32cube.ide.mcu.externaltools.gnu-tools-for-stm32.9-2020-q2-update.linux64_2.0.0.202105311346/tools/bin/../lib/gcc/arm-none-eabi/9.3.1/../../../../arm-none-eabi/lib/thumb/v7e-m+fp/hard/libstdc++_nano.a(eh_unex_handler.o)
                              /opt/st/stm32cubeide_1.7.0/plugins/com.st.stm32cube.ide.mcu.externaltools.gnu-tools-for-stm32.9-2020-q2-update.linux64_2.0.0.202105311346/tools/bin/../lib/gcc/arm-none-eabi/9.3.1/../../../../arm-none-eabi/lib/thumb/v7e-m+fp/hard/libstdc++_nano.a(eh_terminate.o) (__cxxabiv1::__unexpected_handler)
/opt/st/stm32cubeide_1.7.0/plugins/com.st.stm32cube.ide.mcu.externaltools.gnu-tools-for-stm32.9-2020-q2-update.linux64_2.0.0.202105311346/tools/bin/../lib/gcc/arm-none-eabi/9.3.1/../../../../arm-none-eabi/lib/thumb/v7e-m+fp/hard/libstdc++_nano.a(eh_term_handler.o)
                              /opt/st/stm32cubeide_1.7.0/plugins/com.st.stm32cube.ide.mcu.externaltools.gnu-tools-for-stm32.9-2020-q2-update.linux64_2.0.0.202105311346/tools/bin/../lib/gcc/arm-none-eabi/9.3.1/../../../../arm-none-eabi/lib/thumb/v7e-m+fp/hard/libstdc++_nano.a(eh_terminate.o) (__cxxabiv1::__terminate_handler)
/opt/st/stm32cubeide_1.7.0/plugins/com.st.stm32cube.ide.mcu.externaltools.gnu-tools-for-stm32.9-2020-q2-update.linux64_2.0.0.202105311346/tools/bin/../lib/gcc/arm-none-eabi/9.3.1/../../../../arm-none-eabi/lib/thumb/v7e-m+fp/hard/libc_nano.a(lib_a-abort.o)
                              /opt/st/stm32cubeide_1.7.0/plugins/com.st.stm32cube.ide.mcu.externaltools.gnu-tools-for-stm32.9-2020-q2-update.linux64_2.0.0.202105311346/tools/bin/../lib/gcc/arm-none-eabi/9.3.1/../../../../arm-none-eabi/lib/thumb/v7e-m+fp/hard/libstdc++_nano.a(eh_terminate.o) (abort)
/opt/st/stm32cubeide_1.7.0/plugins/com.st.stm32cube.ide.mcu.externaltools.gnu-tools-for-stm32.9-2020-q2-update.linux64_2.0.0.202105311346/tools/bin/../lib/gcc/arm-none-eabi/9.3.1/../../../../arm-none-eabi/lib/thumb/v7e-m+fp/hard/libc_nano.a(lib_a-errno.o)
                              ./Core/Src/syscalls.o (__errno)
/opt/st/stm32cubeide_1.7.0/plugins/com.st.stm32cube.ide.mcu.externaltools.gnu-tools-for-stm32.9-2020-q2-update.linux64_2.0.0.202105311346/tools/bin/../lib/gcc/arm-none-eabi/9.3.1/../../../../arm-none-eabi/lib/thumb/v7e-m+fp/hard/libc_nano.a(lib_a-exit.o)
                              /opt/st/stm32cubeide_1.7.0/plugins/com.st.stm32cube.ide.mcu.externaltools.gnu-tools-for-stm32.9-2020-q2-update.linux64_2.0.0.202105311346/tools/bin/../lib/gcc/arm-none-eabi/9.3.1/../../../../arm-none-eabi/lib/thumb/v7e-m+fp/hard/crt0.o (exit)
/opt/st/stm32cubeide_1.7.0/plugins/com.st.stm32cube.ide.mcu.externaltools.gnu-tools-for-stm32.9-2020-q2-update.linux64_2.0.0.202105311346/tools/bin/../lib/gcc/arm-none-eabi/9.3.1/../../../../arm-none-eabi/lib/thumb/v7e-m+fp/hard/libc_nano.a(lib_a-impure.o)
                              /opt/st/stm32cubeide_1.7.0/plugins/com.st.stm32cube.ide.mcu.externaltools.gnu-tools-for-stm32.9-2020-q2-update.linux64_2.0.0.202105311346/tools/bin/../lib/gcc/arm-none-eabi/9.3.1/../../../../arm-none-eabi/lib/thumb/v7e-m+fp/hard/libc_nano.a(lib_a-exit.o) (_global_impure_ptr)
/opt/st/stm32cubeide_1.7.0/plugins/com.st.stm32cube.ide.mcu.externaltools.gnu-tools-for-stm32.9-2020-q2-update.linux64_2.0.0.202105311346/tools/bin/../lib/gcc/arm-none-eabi/9.3.1/../../../../arm-none-eabi/lib/thumb/v7e-m+fp/hard/libc_nano.a(lib_a-init.o)
                              /opt/st/stm32cubeide_1.7.0/plugins/com.st.stm32cube.ide.mcu.externaltools.gnu-tools-for-stm32.9-2020-q2-update.linux64_2.0.0.202105311346/tools/bin/../lib/gcc/arm-none-eabi/9.3.1/../../../../arm-none-eabi/lib/thumb/v7e-m+fp/hard/crt0.o (__libc_init_array)
/opt/st/stm32cubeide_1.7.0/plugins/com.st.stm32cube.ide.mcu.externaltools.gnu-tools-for-stm32.9-2020-q2-update.linux64_2.0.0.202105311346/tools/bin/../lib/gcc/arm-none-eabi/9.3.1/../../../../arm-none-eabi/lib/thumb/v7e-m+fp/hard/libc_nano.a(lib_a-memcpy-stub.o)
                              ./Core/Src/mainpp.o (memcpy)
[...]
Memory Configuration

Name             Origin             Length             Attributes
RAM              0x0000000020000000 0x0000000000018000 xrw
FLASH            0x0000000008000000 0x0000000000080000 xr
*default*        0x0000000000000000 0xffffffffffffffff

Linker script and memory map

LOAD /opt/st/stm32cubeide_1.7.0/plugins/com.st.stm32cube.ide.mcu.externaltools.gnu-tools-for-stm32.9-2020-q2-update.linux64_2.0.0.202105311346/tools/bin/../lib/gcc/arm-none-eabi/9.3.1/thumb/v7e-m+fp/hard/crti.o
LOAD /opt/st/stm32cubeide_1.7.0/plugins/com.st.stm32cube.ide.mcu.externaltools.gnu-tools-for-stm32.9-2020-q2-update.linux64_2.0.0.202105311346/tools/bin/../lib/gcc/arm-none-eabi/9.3.1/thumb/v7e-m+fp/hard/crtbegin.o
LOAD /opt/st/stm32cubeide_1.7.0/plugins/com.st.stm32cube.ide.mcu.externaltools.gnu-tools-for-stm32.9-2020-q2-update.linux64_2.0.0.202105311346/tools/bin/../lib/gcc/arm-none-eabi/9.3.1/../../../../arm-none-eabi/lib/thumb/v7e-m+fp/hard/crt0.o
LOAD ./Core/Src/dma.o
LOAD ./Core/Src/gpio.o
LOAD ./Core/Src/main.o
LOAD ./Core/Src/mainpp.o
LOAD ./Core/Src/stm32f4xx_hal_msp.o
LOAD ./Core/Src/stm32f4xx_it.o
LOAD ./Core/Src/stm32f4xx_nucleo_bus.o
LOAD ./Core/Src/syscalls.o
LOAD ./Core/Src/sysmem.o
LOAD ./Core/Src/system_stm32f4xx.o
LOAD ./Core/Src/usart.o
LOAD ./Core/Src/user_results.o
LOAD ./Core/Startup/startup_stm32f401retx.o
LOAD ./Drivers/BSP/53L5A1/53l5a1_ranging_sensor.o
LOAD ./Drivers/BSP/Components/vl53l5cx/modules/vl53l5cx_api.o
LOAD ./Drivers/BSP/Components/vl53l5cx/modules/vl53l5cx_plugin_detection_thresholds.o
LOAD ./Drivers/BSP/Components/vl53l5cx/modules/vl53l5cx_plugin_motion_indicator.o
LOAD ./Drivers/BSP/Components/vl53l5cx/modules/vl53l5cx_plugin_xtalk.o
LOAD ./Drivers/BSP/Components/vl53l5cx/porting/platform.o
LOAD ./Drivers/BSP/Components/vl53l5cx/vl53l5cx.o
LOAD ./Drivers/STM32F4xx_HAL_Driver/Src/stm32f4xx_hal.o
LOAD ./Drivers/STM32F4xx_HAL_Driver/Src/stm32f4xx_hal_cortex.o
LOAD ./Drivers/STM32F4xx_HAL_Driver/Src/stm32f4xx_hal_dma.o
LOAD ./Drivers/STM32F4xx_HAL_Driver/Src/stm32f4xx_hal_dma_ex.o
LOAD ./Drivers/STM32F4xx_HAL_Driver/Src/stm32f4xx_hal_exti.o
LOAD ./Drivers/STM32F4xx_HAL_Driver/Src/stm32f4xx_hal_flash.o
LOAD ./Drivers/STM32F4xx_HAL_Driver/Src/stm32f4xx_hal_flash_ex.o
LOAD ./Drivers/STM32F4xx_HAL_Driver/Src/stm32f4xx_hal_flash_ramfunc.o
LOAD ./Drivers/STM32F4xx_HAL_Driver/Src/stm32f4xx_hal_gpio.o
LOAD ./Drivers/STM32F4xx_HAL_Driver/Src/stm32f4xx_hal_i2c.o
LOAD ./Drivers/STM32F4xx_HAL_Driver/Src/stm32f4xx_hal_i2c_ex.o
LOAD ./Drivers/STM32F4xx_HAL_Driver/Src/stm32f4xx_hal_pwr.o
LOAD ./Drivers/STM32F4xx_HAL_Driver/Src/stm32f4xx_hal_pwr_ex.o
LOAD ./Drivers/STM32F4xx_HAL_Driver/Src/stm32f4xx_hal_rcc.o
LOAD ./Drivers/STM32F4xx_HAL_Driver/Src/stm32f4xx_hal_rcc_ex.o
LOAD ./Drivers/STM32F4xx_HAL_Driver/Src/stm32f4xx_hal_tim.o
LOAD ./Drivers/STM32F4xx_HAL_Driver/Src/stm32f4xx_hal_tim_ex.o
LOAD ./Drivers/STM32F4xx_HAL_Driver/Src/stm32f4xx_hal_uart.o
LOAD ./rosserial/Inc/duration.o
LOAD ./rosserial/Inc/time.o
START GROUP
LOAD /opt/st/stm32cubeide_1.7.0/plugins/com.st.stm32cube.ide.mcu.externaltools.gnu-tools-for-stm32.9-2020-q2-update.linux64_2.0.0.202105311346/tools/bin/../lib/gcc/arm-none-eabi/9.3.1/../../../../arm-none-eabi/lib/thumb/v7e-m+fp/hard/libstdc++_nano.a
LOAD /opt/st/stm32cubeide_1.7.0/plugins/com.st.stm32cube.ide.mcu.externaltools.gnu-tools-for-stm32.9-2020-q2-update.linux64_2.0.0.202105311346/tools/bin/../lib/gcc/arm-none-eabi/9.3.1/../../../../arm-none-eabi/lib/thumb/v7e-m+fp/hard/libsupc++_nano.a
END GROUP
LOAD /opt/st/stm32cubeide_1.7.0/plugins/com.st.stm32cube.ide.mcu.externaltools.gnu-tools-for-stm32.9-2020-q2-update.linux64_2.0.0.202105311346/tools/bin/../lib/gcc/arm-none-eabi/9.3.1/../../../../arm-none-eabi/lib/thumb/v7e-m+fp/hard/libstdc++_nano.a
LOAD /opt/st/stm32cubeide_1.7.0/plugins/com.st.stm32cube.ide.mcu.externaltools.gnu-tools-for-stm32.9-2020-q2-update.linux64_2.0.0.202105311346/tools/bin/../lib/gcc/arm-none-eabi/9.3.1/../../../../arm-none-eabi/lib/thumb/v7e-m+fp/hard/libm.a
LOAD /opt/st/stm32cubeide_1.7.0/plugins/com.st.stm32cube.ide.mcu.externaltools.gnu-tools-for-stm32.9-2020-q2-update.linux64_2.0.0.202105311346/tools/bin/../lib/gcc/arm-none-eabi/9.3.1/../../../../arm-none-eabi/lib/thumb/v7e-m+fp/hard/libc_nano.a
START GROUP
LOAD /opt/st/stm32cubeide_1.7.0/plugins/com.st.stm32cube.ide.mcu.externaltools.gnu-tools-for-stm32.9-2020-q2-update.linux64_2.0.0.202105311346/tools/bin/../lib/gcc/arm-none-eabi/9.3.1/thumb/v7e-m+fp/hard/libgcc.a
LOAD /opt/st/stm32cubeide_1.7.0/plugins/com.st.stm32cube.ide.mcu.externaltools.gnu-tools-for-stm32.9-2020-q2-update.linux64_2.0.0.202105311346/tools/bin/../lib/gcc/arm-none-eabi/9.3.1/../../../../arm-none-eabi/lib/thumb/v7e-m+fp/hard/libc_nano.a
END GROUP
START GROUP
LOAD /opt/st/stm32cubeide_1.7.0/plugins/com.st.stm32cube.ide.mcu.externaltools.gnu-tools-for-stm32.9-2020-q2-update.linux64_2.0.0.202105311346/tools/bin/../lib/gcc/arm-none-eabi/9.3.1/thumb/v7e-m+fp/hard/libgcc.a
LOAD /opt/st/stm32cubeide_1.7.0/plugins/com.st.stm32cube.ide.mcu.externaltools.gnu-tools-for-stm32.9-2020-q2-update.linux64_2.0.0.202105311346/tools/bin/../lib/gcc/arm-none-eabi/9.3.1/../../../../arm-none-eabi/lib/thumb/v7e-m+fp/hard/libc_nano.a
LOAD /opt/st/stm32cubeide_1.7.0/plugins/com.st.stm32cube.ide.mcu.externaltools.gnu-tools-for-stm32.9-2020-q2-update.linux64_2.0.0.202105311346/tools/bin/../lib/gcc/arm-none-eabi/9.3.1/../../../../arm-none-eabi/lib/thumb/v7e-m+fp/hard/libnosys.a
END GROUP
START GROUP
LOAD /opt/st/stm32cubeide_1.7.0/plugins/com.st.stm32cube.ide.mcu.externaltools.gnu-tools-for-stm32.9-2020-q2-update.linux64_2.0.0.202105311346/tools/bin/../lib/gcc/arm-none-eabi/9.3.1/thumb/v7e-m+fp/hard/libgcc.a
LOAD /opt/st/stm32cubeide_1.7.0/plugins/com.st.stm32cube.ide.mcu.externaltools.gnu-tools-for-stm32.9-2020-q2-update.linux64_2.0.0.202105311346/tools/bin/../lib/gcc/arm-none-eabi/9.3.1/../../../../arm-none-eabi/lib/thumb/v7e-m+fp/hard/libc_nano.a
LOAD /opt/st/stm32cubeide_1.7.0/plugins/com.st.stm32cube.ide.mcu.externaltools.gnu-tools-for-stm32.9-2020-q2-update.linux64_2.0.0.202105311346/tools/bin/../lib/gcc/arm-none-eabi/9.3.1/../../../../arm-none-eabi/lib/thumb/v7e-m+fp/hard/libnosys.a
END GROUP
LOAD /opt/st/stm32cubeide_1.7.0/plugins/com.st.stm32cube.ide.mcu.externaltools.gnu-tools-for-stm32.9-2020-q2-update.linux64_2.0.0.202105311346/tools/bin/../lib/gcc/arm-none-eabi/9.3.1/thumb/v7e-m+fp/hard/crtend.o
LOAD /opt/st/stm32cubeide_1.7.0/plugins/com.st.stm32cube.ide.mcu.externaltools.gnu-tools-for-stm32.9-2020-q2-update.linux64_2.0.0.202105311346/tools/bin/../lib/gcc/arm-none-eabi/9.3.1/thumb/v7e-m+fp/hard/crtn.o
                0x0000000020018000                _estack = (ORIGIN (RAM) + LENGTH (RAM))
                0x0000000000000200                _Min_Heap_Size = 0x200
                0x0000000000000400                _Min_Stack_Size = 0x400

.isr_vector     0x0000000008000000      0x194
                0x0000000008000000                . = ALIGN (0x4)
 *(.isr_vector)
 .isr_vector    0x0000000008000000      0x194 ./Core/Startup/startup_stm32f401retx.o
                0x0000000008000000                g_pfnVectors
                0x0000000008000194                . = ALIGN (0x4)

.text           0x0000000008000194     0xbb0c
                0x0000000008000194                . = ALIGN (0x4)
 *(.text)
 .text          0x0000000008000194       0x40 /opt/st/stm32cubeide_1.7.0/plugins/com.st.stm32cube.ide.mcu.externaltools.gnu-tools-for-stm32.9-2020-q2-update.linux64_2.0.0.202105311346/tools/bin/../lib/gcc/arm-none-eabi/9.3.1/thumb/v7e-m+fp/hard/crtbegin.o
 .text          0x00000000080001d4       0x10 /opt/st/stm32cubeide_1.7.0/plugins/com.st.stm32cube.ide.mcu.externaltools.gnu-tools-for-stm32.9-2020-q2-update.linux64_2.0.0.202105311346/tools/bin/../lib/gcc/arm-none-eabi/9.3.1/../../../../arm-none-eabi/lib/thumb/v7e-m+fp/hard/libc_nano.a(lib_a-strlen.o)
                0x00000000080001d4                strlen
 .text          0x00000000080001e4       0x30 /opt/st/stm32cubeide_1.7.0/plugins/com.st.stm32cube.ide.mcu.externaltools.gnu-tools-for-stm32.9-2020-q2-update.linux64_2.0.0.202105311346/tools/bin/../lib/gcc/arm-none-eabi/9.3.1/thumb/v7e-m+fp/hard/libgcc.a(_aeabi_uldivmod.o)
                0x00000000080001e4                __aeabi_uldivmod
 .text          0x0000000008000214      0x2c4 /opt/st/stm32cubeide_1.7.0/plugins/com.st.stm32cube.ide.mcu.externaltools.gnu-tools-for-stm32.9-2020-q2-update.linux64_2.0.0.202105311346/tools/bin/../lib/gcc/arm-none-eabi/9.3.1/thumb/v7e-m+fp/hard/libgcc.a(_udivmoddi4.o)
                0x0000000008000214                __udivmoddi4
 .text          0x00000000080004d8        0x4 /opt/st/stm32cubeide_1.7.0/plugins/com.st.stm32cube.ide.mcu.externaltools.gnu-tools-for-stm32.9-2020-q2-update.linux64_2.0.0.202105311346/tools/bin/../lib/gcc/arm-none-eabi/9.3.1/thumb/v7e-m+fp/hard/libgcc.a(_dvmd_tls.o)
                0x00000000080004d8                __aeabi_ldiv0
                0x00000000080004d8                __aeabi_idiv0
 *(.text*)
 .text.MX_DMA_Init
                0x00000000080004dc       0x50 ./Core/Src/dma.o
                0x00000000080004dc                MX_DMA_Init
 .text.MX_GPIO_Init
                0x000000000800052c      0x168 ./Core/Src/gpio.o
                0x000000000800052c                MX_GPIO_Init
 .text.main     0x0000000008000694       0xd0 ./Core/Src/main.o
                0x0000000008000694                main
 .text.SystemClock_Config
                0x0000000008000764       0xd4 ./Core/Src/main.o
                0x0000000008000764                SystemClock_Config
 .text.HAL_GPIO_EXTI_Callback
                0x0000000008000838       0x2c ./Core/Src/main.o
                0x0000000008000838                HAL_GPIO_EXTI_Callback
 .text.Error_Handler
                0x0000000008000864       0x20 ./Core/Src/main.o
                0x0000000008000864                Error_Handler
 .text._ZN3ros4TimeC2Ev
                0x0000000008000884       0x22 ./Core/Src/mainpp.o
                0x0000000008000884                ros::Time::Time()
                0x0000000008000884                ros::Time::Time()
 *fill*         0x00000000080008a6        0x2 
 .text._ZN3ros3MsgC2Ev
                0x00000000080008a8       0x20 ./Core/Src/mainpp.o
                0x00000000080008a8                ros::Msg::Msg()
                0x00000000080008a8                ros::Msg::Msg()
 .text._ZN8std_msgs4TimeC2Ev
                0x00000000080008c8       0x30 ./Core/Src/mainpp.o
                0x00000000080008c8                std_msgs::Time::Time()
                0x00000000080008c8                std_msgs::Time::Time()
 .text._ZNK8std_msgs4Time9serializeEPh
                0x00000000080008f8       0xb0 ./Core/Src/mainpp.o
                0x00000000080008f8                std_msgs::Time::serialize(unsigned char*) const
 .text._ZN8std_msgs4Time11deserializeEPh
                0x00000000080009a8       0xc8 ./Core/Src/mainpp.o
                0x00000000080009a8                std_msgs::Time::deserialize(unsigned char*)
 .text._ZN8std_msgs4Time7getTypeEv
                0x0000000008000a70       0x1c ./Core/Src/mainpp.o
                0x0000000008000a70                std_msgs::Time::getType()
 .text._ZN8std_msgs4Time6getMD5Ev
                0x0000000008000a8c       0x1c ./Core/Src/mainpp.o
                0x0000000008000a8c                std_msgs::Time::getMD5()
 .text._ZN14rosserial_msgs9TopicInfoC2Ev
                0x0000000008000aa8       0x48 ./Core/Src/mainpp.o
                0x0000000008000aa8                rosserial_msgs::TopicInfo::TopicInfo()
                0x0000000008000aa8                rosserial_msgs::TopicInfo::TopicInfo()
 .text._ZNK14rosserial_msgs9TopicInfo9serializeEPh
                0x0000000008000af0      0x136 ./Core/Src/mainpp.o
                0x0000000008000af0                rosserial_msgs::TopicInfo::serialize(unsigned char*) const
 .text._ZN14rosserial_msgs9TopicInfo11deserializeEPh
                0x0000000008000c26      0x1d0 ./Core/Src/mainpp.o
                0x0000000008000c26                rosserial_msgs::TopicInfo::deserialize(unsigned char*)
 *fill*         0x0000000008000df6        0x2 
 .text._ZN14rosserial_msgs9TopicInfo7getTypeEv
                0x0000000008000df8       0x1c ./Core/Src/mainpp.o
                0x0000000008000df8                rosserial_msgs::TopicInfo::getType()
 .text._ZN14rosserial_msgs9TopicInfo6getMD5Ev
                0x0000000008000e14       0x1c ./Core/Src/mainpp.o
                0x0000000008000e14                rosserial_msgs::TopicInfo::getMD5()
 .text._ZN14rosserial_msgs3LogC2Ev
                0x0000000008000e30       0x34 ./Core/Src/mainpp.o
                0x0000000008000e30                rosserial_msgs::Log::Log()
                0x0000000008000e30                rosserial_msgs::Log::Log()
 .text._ZNK14rosserial_msgs3Log9serializeEPh
                0x0000000008000e64       0x64 ./Core/Src/mainpp.o
                0x0000000008000e64                rosserial_msgs::Log::serialize(unsigned char*) const
 .text._ZN14rosserial_msgs3Log11deserializeEPh
                0x0000000008000ec8       0x90 ./Core/Src/mainpp.o
                0x0000000008000ec8                rosserial_msgs::Log::deserialize(unsigned char*)
 .text._ZN14rosserial_msgs3Log7getTypeEv
                0x0000000008000f58       0x1c ./Core/Src/mainpp.o
                0x0000000008000f58                rosserial_msgs::Log::getType()
 .text._ZN14rosserial_msgs3Log6getMD5Ev
                0x0000000008000f74       0x1c ./Core/Src/mainpp.o
                0x0000000008000f74                rosserial_msgs::Log::getMD5()
 .text._ZN14rosserial_msgs20RequestParamResponseC2Ev
                0x0000000008000f90       0x5c ./Core/Src/mainpp.o
                0x0000000008000f90                rosserial_msgs::RequestParamResponse::RequestParamResponse()
                0x0000000008000f90                rosserial_msgs::RequestParamResponse::RequestParamResponse()
 .text._ZNK14rosserial_msgs20RequestParamResponse9serializeEPh
                0x0000000008000fec      0x222 ./Core/Src/mainpp.o
                0x0000000008000fec                rosserial_msgs::RequestParamResponse::serialize(unsigned char*) const
 .text._ZN14rosserial_msgs20RequestParamResponse11deserializeEPh
                0x000000000800120e      0x2e2 ./Core/Src/mainpp.o
                0x000000000800120e                rosserial_msgs::RequestParamResponse::deserialize(unsigned char*)
 .text._ZN14rosserial_msgs20RequestParamResponse7getTypeEv
                0x00000000080014f0       0x1c ./Core/Src/mainpp.o
                0x00000000080014f0                rosserial_msgs::RequestParamResponse::getType()
 .text._ZN14rosserial_msgs20RequestParamResponse6getMD5Ev
                0x000000000800150c       0x1c ./Core/Src/mainpp.o
                0x000000000800150c                rosserial_msgs::RequestParamResponse::getMD5()
 .text._ZN3ros9PublisherC2EPKcPNS_3MsgEi
                0x0000000008001528       0x2e ./Core/Src/mainpp.o
                0x0000000008001528                ros::Publisher::Publisher(char const*, ros::Msg*, int)
                0x0000000008001528                ros::Publisher::Publisher(char const*, ros::Msg*, int)
 .text._ZN3ros9Publisher7publishEPKNS_3MsgE
                0x0000000008001556       0x28 ./Core/Src/mainpp.o
                0x0000000008001556                ros::Publisher::publish(ros::Msg const*)
 .text._ZN3ros9Publisher15getEndpointTypeEv
                0x000000000800157e       0x18 ./Core/Src/mainpp.o
                0x000000000800157e                ros::Publisher::getEndpointType()
 .text._ZN13STM32Hardware10getRdmaIndEv
                0x0000000008001596       0x26 ./Core/Src/mainpp.o
                0x0000000008001596                STM32Hardware::getRdmaInd()
 .text._ZN13STM32HardwareC2Ev
                0x00000000080015bc       0x40 ./Core/Src/mainpp.o
                0x00000000080015bc                STM32Hardware::STM32Hardware()
                0x00000000080015bc                STM32Hardware::STM32Hardware()
 .text._ZN13STM32Hardware4initEv
                0x00000000080015fc       0x16 ./Core/Src/mainpp.o
                0x00000000080015fc                STM32Hardware::init()
 .text._ZN13STM32Hardware10reset_rbufEv
                0x0000000008001612       0x22 ./Core/Src/mainpp.o
                0x0000000008001612                STM32Hardware::reset_rbuf()
 .text._ZN13STM32Hardware4readEv
                0x0000000008001634       0x5a ./Core/Src/mainpp.o
                0x0000000008001634                STM32Hardware::read()
 *fill*         0x000000000800168e        0x2 
 .text._ZN13STM32Hardware5flushEv
                0x0000000008001690       0xe4 ./Core/Src/mainpp.o
                0x0000000008001690                STM32Hardware::flush()
 .text._ZN13STM32Hardware5writeEPhi
                0x0000000008001774       0x9c ./Core/Src/mainpp.o
                0x0000000008001774                STM32Hardware::write(unsigned char*, int)
 .text._ZN13STM32Hardware4timeEv
                0x0000000008001810       0x16 ./Core/Src/mainpp.o
                0x0000000008001810                STM32Hardware::time()
 *fill*         0x0000000008001826        0x2 
 .text._ZN8std_msgs5EmptyC2Ev
                0x0000000008001828       0x24 ./Core/Src/mainpp.o
                0x0000000008001828                std_msgs::Empty::Empty()
                0x0000000008001828                std_msgs::Empty::Empty()
 .text._ZNK8std_msgs5Empty9serializeEPh
                0x000000000800184c       0x1c ./Core/Src/mainpp.o
                0x000000000800184c                std_msgs::Empty::serialize(unsigned char*) const
 .text._ZN8std_msgs5Empty11deserializeEPh
                0x0000000008001868       0x1c ./Core/Src/mainpp.o
                0x0000000008001868                std_msgs::Empty::deserialize(unsigned char*)
 .text._ZN8std_msgs5Empty7getTypeEv
                0x0000000008001884       0x1c ./Core/Src/mainpp.o
                0x0000000008001884                std_msgs::Empty::getType()
 .text._ZN8std_msgs5Empty6getMD5Ev
                0x00000000080018a0       0x1c ./Core/Src/mainpp.o
                0x00000000080018a0                std_msgs::Empty::getMD5()
 .text._ZN8std_msgs6HeaderC2Ev
                0x00000000080018bc       0x40 ./Core/Src/mainpp.o
                0x00000000080018bc                std_msgs::Header::Header()
                0x00000000080018bc                std_msgs::Header::Header()
 .text._ZNK8std_msgs6Header9serializeEPh
                0x00000000080018fc      0x130 ./Core/Src/mainpp.o
                0x00000000080018fc                std_msgs::Header::serialize(unsigned char*) const
 .text._ZN8std_msgs6Header11deserializeEPh
                0x0000000008001a2c      0x180 ./Core/Src/mainpp.o
                0x0000000008001a2c                std_msgs::Header::deserialize(unsigned char*)
 .text._ZN8std_msgs6Header7getTypeEv
                0x0000000008001bac       0x1c ./Core/Src/mainpp.o
                0x0000000008001bac                std_msgs::Header::getType()
 .text._ZN8std_msgs6Header6getMD5Ev
                0x0000000008001bc8       0x1c ./Core/Src/mainpp.o
                0x0000000008001bc8                std_msgs::Header::getMD5()
 .text._ZN21sensors_53l5a1_driver8nb_spadsC2Ev
                0x0000000008001be4       0x44 ./Core/Src/mainpp.o
                0x0000000008001be4                sensors_53l5a1_driver::nb_spads::nb_spads()
                0x0000000008001be4                sensors_53l5a1_driver::nb_spads::nb_spads()
 .text._ZNK21sensors_53l5a1_driver8nb_spads9serializeEPh
                0x0000000008001c28       0xa4 ./Core/Src/mainpp.o
                0x0000000008001c28                sensors_53l5a1_driver::nb_spads::serialize(unsigned char*) const
 .text._ZN21sensors_53l5a1_driver8nb_spads11deserializeEPh
                0x0000000008001ccc       0xc8 ./Core/Src/mainpp.o
                0x0000000008001ccc                sensors_53l5a1_driver::nb_spads::deserialize(unsigned char*)
 .text._ZN21sensors_53l5a1_driver8nb_spads7getTypeEv
                0x0000000008001d94       0x1c ./Core/Src/mainpp.o
                0x0000000008001d94                sensors_53l5a1_driver::nb_spads::getType()
 .text._ZN21sensors_53l5a1_driver8nb_spads6getMD5Ev
                0x0000000008001db0       0x1c ./Core/Src/mainpp.o
                0x0000000008001db0                sensors_53l5a1_driver::nb_spads::getMD5()
 .text._ZN21sensors_53l5a1_driver11am_per_spadC2Ev
                0x0000000008001dcc       0x44 ./Core/Src/mainpp.o
                0x0000000008001dcc                sensors_53l5a1_driver::am_per_spad::am_per_spad()
                0x0000000008001dcc                sensors_53l5a1_driver::am_per_spad::am_per_spad()
 .text._ZNK21sensors_53l5a1_driver11am_per_spad9serializeEPh
                0x0000000008001e10       0xa4 ./Core/Src/mainpp.o
                0x0000000008001e10                sensors_53l5a1_driver::am_per_spad::serialize(unsigned char*) const
 .text._ZN21sensors_53l5a1_driver11am_per_spad11deserializeEPh
                0x0000000008001eb4       0xc8 ./Core/Src/mainpp.o
                0x0000000008001eb4                sensors_53l5a1_driver::am_per_spad::deserialize(unsigned char*)
 .text._ZN21sensors_53l5a1_driver11am_per_spad7getTypeEv
                0x0000000008001f7c       0x1c ./Core/Src/mainpp.o
                0x0000000008001f7c                sensors_53l5a1_driver::am_per_spad::getType()
 .text._ZN21sensors_53l5a1_driver11am_per_spad6getMD5Ev
                0x0000000008001f98       0x1c ./Core/Src/mainpp.o
                0x0000000008001f98                sensors_53l5a1_driver::am_per_spad::getMD5()
 .text._ZN21sensors_53l5a1_driver12sig_per_spadC2Ev
                0x0000000008001fb4       0x4c ./Core/Src/mainpp.o
                0x0000000008001fb4                sensors_53l5a1_driver::sig_per_spad::sig_per_spad()
                0x0000000008001fb4                sensors_53l5a1_driver::sig_per_spad::sig_per_spad()
 .text._ZNK21sensors_53l5a1_driver12sig_per_spad9serializeEPh
                0x0000000008002000       0xbe ./Core/Src/mainpp.o
                0x0000000008002000                sensors_53l5a1_driver::sig_per_spad::serialize(unsigned char*) const
 .text._ZN21sensors_53l5a1_driver12sig_per_spad11deserializeEPh
                0x00000000080020be       0xe2 ./Core/Src/mainpp.o
                0x00000000080020be                sensors_53l5a1_driver::sig_per_spad::deserialize(unsigned char*)
 .text._ZN21sensors_53l5a1_driver12sig_per_spad7getTypeEv
                0x00000000080021a0       0x1c ./Core/Src/mainpp.o
                0x00000000080021a0                sensors_53l5a1_driver::sig_per_spad::getType()
 .text._ZN21sensors_53l5a1_driver12sig_per_spad6getMD5Ev
                0x00000000080021bc       0x1c ./Core/Src/mainpp.o
                0x00000000080021bc                sensors_53l5a1_driver::sig_per_spad::getMD5()
 .text._ZN21sensors_53l5a1_driver8distanceC2Ev
                0x00000000080021d8       0x50 ./Core/Src/mainpp.o
                0x00000000080021d8                sensors_53l5a1_driver::distance::distance()
                0x00000000080021d8                sensors_53l5a1_driver::distance::distance()
 .text._ZNK21sensors_53l5a1_driver8distance9serializeEPh
                0x0000000008002228       0x9e ./Core/Src/mainpp.o
                0x0000000008002228                sensors_53l5a1_driver::distance::serialize(unsigned char*) const
 .text._ZN21sensors_53l5a1_driver8distance11deserializeEPh
                0x00000000080022c6       0xb4 ./Core/Src/mainpp.o
                0x00000000080022c6                sensors_53l5a1_driver::distance::deserialize(unsigned char*)
 *fill*         0x000000000800237a        0x2 
 .text._ZN21sensors_53l5a1_driver8distance7getTypeEv
                0x000000000800237c       0x1c ./Core/Src/mainpp.o
                0x000000000800237c                sensors_53l5a1_driver::distance::getType()
 .text._ZN21sensors_53l5a1_driver8distance6getMD5Ev
                0x0000000008002398       0x1c ./Core/Src/mainpp.o
                0x0000000008002398                sensors_53l5a1_driver::distance::getMD5()
 .text._ZN21sensors_53l5a1_driver5sigmaC2Ev
                0x00000000080023b4       0x4c ./Core/Src/mainpp.o
                0x00000000080023b4                sensors_53l5a1_driver::sigma::sigma()
                0x00000000080023b4                sensors_53l5a1_driver::sigma::sigma()
 .text._ZNK21sensors_53l5a1_driver5sigma9serializeEPh
                0x0000000008002400       0x8c ./Core/Src/mainpp.o
                0x0000000008002400                sensors_53l5a1_driver::sigma::serialize(unsigned char*) const
 .text._ZN21sensors_53l5a1_driver5sigma11deserializeEPh
                0x000000000800248c       0xa2 ./Core/Src/mainpp.o
                0x000000000800248c                sensors_53l5a1_driver::sigma::deserialize(unsigned char*)
 *fill*         0x000000000800252e        0x2 
 .text._ZN21sensors_53l5a1_driver5sigma7getTypeEv
                0x0000000008002530       0x1c ./Core/Src/mainpp.o
                0x0000000008002530                sensors_53l5a1_driver::sigma::getType()
 .text._ZN21sensors_53l5a1_driver5sigma6getMD5Ev
                0x000000000800254c       0x1c ./Core/Src/mainpp.o
                0x000000000800254c                sensors_53l5a1_driver::sigma::getMD5()
 .text._ZN21sensors_53l5a1_driver6statusC2Ev
                0x0000000008002568       0x4c ./Core/Src/mainpp.o
                0x0000000008002568                sensors_53l5a1_driver::status::status()
                0x0000000008002568                sensors_53l5a1_driver::status::status()
 .text._ZNK21sensors_53l5a1_driver6status9serializeEPh
                0x00000000080025b4       0x6c ./Core/Src/mainpp.o
                0x00000000080025b4                sensors_53l5a1_driver::status::serialize(unsigned char*) const
 .text._ZN21sensors_53l5a1_driver6status11deserializeEPh
                0x0000000008002620       0x6e ./Core/Src/mainpp.o
                0x0000000008002620                sensors_53l5a1_driver::status::deserialize(unsigned char*)
 *fill*         0x000000000800268e        0x2 
 .text._ZN21sensors_53l5a1_driver6status7getTypeEv
                0x0000000008002690       0x1c ./Core/Src/mainpp.o
                0x0000000008002690                sensors_53l5a1_driver::status::getType()
 .text._ZN21sensors_53l5a1_driver6status6getMD5Ev
                0x00000000080026ac       0x1c ./Core/Src/mainpp.o
                0x00000000080026ac                sensors_53l5a1_driver::status::getMD5()
 .text._ZN21sensors_53l5a1_driver11reflectanceC2Ev
                0x00000000080026c8       0x4c ./Core/Src/mainpp.o
                0x00000000080026c8                sensors_53l5a1_driver::reflectance::reflectance()
                0x00000000080026c8                sensors_53l5a1_driver::reflectance::reflectance()
 .text._ZNK21sensors_53l5a1_driver11reflectance9serializeEPh
                0x0000000008002714       0x6c ./Core/Src/mainpp.o
                0x0000000008002714                sensors_53l5a1_driver::reflectance::serialize(unsigned char*) const
 .text._ZN21sensors_53l5a1_driver11reflectance11deserializeEPh
                0x0000000008002780       0x6e ./Core/Src/mainpp.o
                0x0000000008002780                sensors_53l5a1_driver::reflectance::deserialize(unsigned char*)
 *fill*         0x00000000080027ee        0x2 
 .text._ZN21sensors_53l5a1_driver11reflectance7getTypeEv
                0x00000000080027f0       0x1c ./Core/Src/mainpp.o
                0x00000000080027f0                sensors_53l5a1_driver::reflectance::getType()
 .text._ZN21sensors_53l5a1_driver11reflectance6getMD5Ev
                0x000000000800280c       0x1c ./Core/Src/mainpp.o
                0x000000000800280c                sensors_53l5a1_driver::reflectance::getMD5()
 .text._ZN21sensors_53l5a1_driver7controlC2Ev
                0x0000000008002828       0x60 ./Core/Src/mainpp.o
                0x0000000008002828                sensors_53l5a1_driver::control::control()
                0x0000000008002828                sensors_53l5a1_driver::control::control()
 .text._ZNK21sensors_53l5a1_driver7control9serializeEPh
                0x0000000008002888       0xea ./Core/Src/mainpp.o
                0x0000000008002888                sensors_53l5a1_driver::control::serialize(unsigned char*) const
 .text._ZN21sensors_53l5a1_driver7control11deserializeEPh
                0x0000000008002972      0x126 ./Core/Src/mainpp.o
                0x0000000008002972                sensors_53l5a1_driver::control::deserialize(unsigned char*)
 .text._ZN21sensors_53l5a1_driver7control7getTypeEv
                0x0000000008002a98       0x1c ./Core/Src/mainpp.o
                0x0000000008002a98                sensors_53l5a1_driver::control::getType()
 .text._ZN21sensors_53l5a1_driver7control6getMD5Ev
                0x0000000008002ab4       0x1c ./Core/Src/mainpp.o
                0x0000000008002ab4                sensors_53l5a1_driver::control::getMD5()
 .text._Z10reset_msgsv
                0x0000000008002ad0       0x70 ./Core/Src/mainpp.o
                0x0000000008002ad0                reset_msgs()
 .text._Z9messageCbRKN8std_msgs5EmptyE
                0x0000000008002b40       0x1c ./Core/Src/mainpp.o
                0x0000000008002b40                messageCb(std_msgs::Empty const&)
 .text._Z10control_cbRKN21sensors_53l5a1_driver7controlE
                0x0000000008002b5c      0x18c ./Core/Src/mainpp.o
                0x0000000008002b5c                control_cb(sensors_53l5a1_driver::control const&)
 .text._ZN3ros15NodeHandleBase_C2Ev
                0x0000000008002ce8       0x20 ./Core/Src/mainpp.o
                0x0000000008002ce8                ros::NodeHandleBase_::NodeHandleBase_()
                0x0000000008002ce8                ros::NodeHandleBase_::NodeHandleBase_()
 .text._ZN3ros11NodeHandle_I13STM32HardwareLi25ELi25ELi512ELi512EEC2Ev
                0x0000000008002d08      0x134 ./Core/Src/mainpp.o
                0x0000000008002d08                ros::NodeHandle_<STM32Hardware, 25, 25, 512, 512>::NodeHandle_()
                0x0000000008002d08                ros::NodeHandle_<STM32Hardware, 25, 25, 512, 512>::NodeHandle_()
 .text.HAL_UART_TxCpltCallback
                0x0000000008002e3c       0x24 ./Core/Src/mainpp.o
                0x0000000008002e3c                HAL_UART_TxCpltCallback
 .text.HAL_UART_RxCpltCallback
                0x0000000008002e60       0x24 ./Core/Src/mainpp.o
                0x0000000008002e60                HAL_UART_RxCpltCallback
 .text.setup    0x0000000008002e84       0x80 ./Core/Src/mainpp.o
                0x0000000008002e84                setup
 .text.loop     0x0000000008002f04       0x34 ./Core/Src/mainpp.o
                0x0000000008002f04                loop
 .text._Z12publish_msgsv
                0x0000000008002f38      0x2e0 ./Core/Src/mainpp.o
                0x0000000008002f38                publish_msgs()
 .text._ZN3ros3Msg8varToArrIPhmEEvT_T0_
                0x0000000008003218       0x3c ./Core/Src/mainpp.o
                0x0000000008003218                void ros::Msg::varToArr<unsigned char*, unsigned long>(unsigned char*, unsigned long)
 .text._ZN3ros3Msg8arrToVarImPhEEvRT_T0_
                0x0000000008003254       0x4a ./Core/Src/mainpp.o
                0x0000000008003254                void ros::Msg::arrToVar<unsigned long, unsigned char*>(unsigned long&, unsigned char*)
 *fill*         0x000000000800329e        0x2 
 .text._ZN3ros11Subscriber_C2Ev
                0x00000000080032a0       0x20 ./Core/Src/mainpp.o
                0x00000000080032a0                ros::Subscriber_::Subscriber_()
                0x00000000080032a0                ros::Subscriber_::Subscriber_()
 .text._ZN3ros10SubscriberIN8std_msgs5EmptyEvEC2EPKcPFvRKS2_Ei
                0x00000000080032c0       0x48 ./Core/Src/mainpp.o
                0x00000000080032c0                ros::Subscriber<std_msgs::Empty, void>::Subscriber(char const*, void (*)(std_msgs::Empty const&), int)
                0x00000000080032c0                ros::Subscriber<std_msgs::Empty, void>::Subscriber(char const*, void (*)(std_msgs::Empty const&), int)
 .text._ZN3ros10SubscriberIN21sensors_53l5a1_driver7controlEvEC2EPKcPFvRKS2_Ei
                0x0000000008003308       0x48 ./Core/Src/mainpp.o
                0x0000000008003308                ros::Subscriber<sensors_53l5a1_driver::control, void>::Subscriber(char const*, void (*)(sensors_53l5a1_driver::control const&), int)
                0x0000000008003308                ros::Subscriber<sensors_53l5a1_driver::control, void>::Subscriber(char const*, void (*)(sensors_53l5a1_driver::control const&), int)
 .text._ZN3ros11NodeHandle_I13STM32HardwareLi25ELi25ELi512ELi512EE11getHardwareEv
                0x0000000008003350       0x18 ./Core/Src/mainpp.o
                0x0000000008003350                ros::NodeHandle_<STM32Hardware, 25, 25, 512, 512>::getHardware()
 .text._ZN3ros11NodeHandle_I13STM32HardwareLi25ELi25ELi512ELi512EE8initNodeEv
                0x0000000008003368       0x4a ./Core/Src/mainpp.o
                0x0000000008003368                ros::NodeHandle_<STM32Hardware, 25, 25, 512, 512>::initNode()
 .text._ZN3ros11NodeHandle_I13STM32HardwareLi25ELi25ELi512ELi512EE9subscribeERNS_11Subscriber_E
                0x00000000080033b2       0x56 ./Core/Src/mainpp.o
                0x00000000080033b2                ros::NodeHandle_<STM32Hardware, 25, 25, 512, 512>::subscribe(ros::Subscriber_&)
 .text._ZN3ros11NodeHandle_I13STM32HardwareLi25ELi25ELi512ELi512EE9advertiseERNS_9PublisherE
                0x0000000008003408       0x60 ./Core/Src/mainpp.o
                0x0000000008003408                ros::NodeHandle_<STM32Hardware, 25, 25, 512, 512>::advertise(ros::Publisher&)
 .text._ZN3ros11NodeHandle_I13STM32HardwareLi25ELi25ELi512ELi512EE8spinOnceEv
                0x0000000008003468      0x4f2 ./Core/Src/mainpp.o
                0x0000000008003468                ros::NodeHandle_<STM32Hardware, 25, 25, 512, 512>::spinOnce()
 .text._ZN3ros11NodeHandle_I13STM32HardwareLi25ELi25ELi512ELi512EE15requestSyncTimeEv
                0x000000000800395a       0x40 ./Core/Src/mainpp.o
                0x000000000800395a                ros::NodeHandle_<STM32Hardware, 25, 25, 512, 512>::requestSyncTime()
 .text._ZN3ros11NodeHandle_I13STM32HardwareLi25ELi25ELi512ELi512EE15negotiateTopicsEv
                0x000000000800399a      0x1c0 ./Core/Src/mainpp.o
                0x000000000800399a                ros::NodeHandle_<STM32Hardware, 25, 25, 512, 512>::negotiateTopics()
 *fill*         0x0000000008003b5a        0x2 
 .text._ZN3ros11NodeHandle_I13STM32HardwareLi25ELi25ELi512ELi512EE8syncTimeEPh
                0x0000000008003b5c       0xa0 ./Core/Src/mainpp.o
                0x0000000008003b5c                ros::NodeHandle_<STM32Hardware, 25, 25, 512, 512>::syncTime(unsigned char*)
 .text._ZN3ros11NodeHandle_I13STM32HardwareLi25ELi25ELi512ELi512EE7publishEiPKNS_3MsgE
                0x0000000008003bfc      0x154 ./Core/Src/mainpp.o
                0x0000000008003bfc                ros::NodeHandle_<STM32Hardware, 25, 25, 512, 512>::publish(int, ros::Msg const*)
 .text._ZN3ros11NodeHandle_I13STM32HardwareLi25ELi25ELi512ELi512EE6setNowERKNS_4TimeE
                0x0000000008003d50       0x8c ./Core/Src/mainpp.o
                0x0000000008003d50                ros::NodeHandle_<STM32Hardware, 25, 25, 512, 512>::setNow(ros::Time const&)
 .text._ZN3ros11NodeHandle_I13STM32HardwareLi25ELi25ELi512ELi512EE8logerrorEPKc
                0x0000000008003ddc       0x1c ./Core/Src/mainpp.o
                0x0000000008003ddc                ros::NodeHandle_<STM32Hardware, 25, 25, 512, 512>::logerror(char const*)
 .text._ZN3ros11NodeHandle_I13STM32HardwareLi25ELi25ELi512ELi512EE3logEcPKc
                0x0000000008003df8       0x38 ./Core/Src/mainpp.o
                0x0000000008003df8                ros::NodeHandle_<STM32Hardware, 25, 25, 512, 512>::log(char, char const*)
 .text._Z41__static_initialization_and_destruction_0ii
                0x0000000008003e30      0x130 ./Core/Src/mainpp.o
 .text._ZN3ros10SubscriberIN21sensors_53l5a1_driver7controlEvE8callbackEPh
                0x0000000008003f60       0x2a ./Core/Src/mainpp.o
                0x0000000008003f60                ros::Subscriber<sensors_53l5a1_driver::control, void>::callback(unsigned char*)
 .text._ZN3ros10SubscriberIN21sensors_53l5a1_driver7controlEvE15getEndpointTypeEv
                0x0000000008003f8a       0x18 ./Core/Src/mainpp.o
                0x0000000008003f8a                ros::Subscriber<sensors_53l5a1_driver::control, void>::getEndpointType()
 .text._ZN3ros10SubscriberIN21sensors_53l5a1_driver7controlEvE10getMsgTypeEv
                0x0000000008003fa2       0x1c ./Core/Src/mainpp.o
                0x0000000008003fa2                ros::Subscriber<sensors_53l5a1_driver::control, void>::getMsgType()
 .text._ZN3ros10SubscriberIN21sensors_53l5a1_driver7controlEvE9getMsgMD5Ev
                0x0000000008003fbe       0x1c ./Core/Src/mainpp.o
                0x0000000008003fbe                ros::Subscriber<sensors_53l5a1_driver::control, void>::getMsgMD5()
 .text._ZN3ros10SubscriberIN8std_msgs5EmptyEvE8callbackEPh
                0x0000000008003fda       0x2a ./Core/Src/mainpp.o
                0x0000000008003fda                ros::Subscriber<std_msgs::Empty, void>::callback(unsigned char*)
 .text._ZN3ros10SubscriberIN8std_msgs5EmptyEvE15getEndpointTypeEv
                0x0000000008004004       0x18 ./Core/Src/mainpp.o
                0x0000000008004004                ros::Subscriber<std_msgs::Empty, void>::getEndpointType()
 .text._ZN3ros10SubscriberIN8std_msgs5EmptyEvE10getMsgTypeEv
                0x000000000800401c       0x1c ./Core/Src/mainpp.o
                0x000000000800401c                ros::Subscriber<std_msgs::Empty, void>::getMsgType()
 .text._ZN3ros10SubscriberIN8std_msgs5EmptyEvE9getMsgMD5Ev
                0x0000000008004038       0x1c ./Core/Src/mainpp.o
                0x0000000008004038                ros::Subscriber<std_msgs::Empty, void>::getMsgMD5()
 .text._ZN3ros11NodeHandle_I13STM32HardwareLi25ELi25ELi512ELi512EE9connectedEv
                0x0000000008004054       0x1c ./Core/Src/mainpp.o
                0x0000000008004054                ros::NodeHandle_<STM32Hardware, 25, 25, 512, 512>::connected()
 .text._GLOBAL__sub_I_Result_User
                0x0000000008004070       0x10 ./Core/Src/mainpp.o
 .text.HAL_MspInit
                0x0000000008004080       0x50 ./Core/Src/stm32f4xx_hal_msp.o
                0x0000000008004080                HAL_MspInit
 .text.NMI_Handler
                0x00000000080040d0        0x6 ./Core/Src/stm32f4xx_it.o
                0x00000000080040d0                NMI_Handler
 *fill*         0x00000000080040d6        0x2 
 .text.HardFault_Handler
                0x00000000080040d8       0x28 ./Core/Src/stm32f4xx_it.o
                0x00000000080040d8                HardFault_Handler
 .text.MemManage_Handler
                0x0000000008004100        0x6 ./Core/Src/stm32f4xx_it.o
                0x0000000008004100                MemManage_Handler
 .text.BusFault_Handler
                0x0000000008004106        0x6 ./Core/Src/stm32f4xx_it.o
                0x0000000008004106                BusFault_Handler
 .text.UsageFault_Handler
                0x000000000800410c        0x6 ./Core/Src/stm32f4xx_it.o
                0x000000000800410c                UsageFault_Handler
 .text.SVC_Handler
                0x0000000008004112        0xe ./Core/Src/stm32f4xx_it.o
                0x0000000008004112                SVC_Handler
 .text.DebugMon_Handler
                0x0000000008004120        0xe ./Core/Src/stm32f4xx_it.o
                0x0000000008004120                DebugMon_Handler
 .text.PendSV_Handler
                0x000000000800412e        0xe ./Core/Src/stm32f4xx_it.o
                0x000000000800412e                PendSV_Handler
 .text.SysTick_Handler
                0x000000000800413c        0xc ./Core/Src/stm32f4xx_it.o
                0x000000000800413c                SysTick_Handler
 .text.EXTI4_IRQHandler
                0x0000000008004148        0xe ./Core/Src/stm32f4xx_it.o
                0x0000000008004148                EXTI4_IRQHandler
 *fill*         0x0000000008004156        0x2 
 .text.DMA1_Stream5_IRQHandler
                0x0000000008004158       0x14 ./Core/Src/stm32f4xx_it.o
                0x0000000008004158                DMA1_Stream5_IRQHandler
 .text.DMA1_Stream6_IRQHandler
                0x000000000800416c       0x14 ./Core/Src/stm32f4xx_it.o
                0x000000000800416c                DMA1_Stream6_IRQHandler
 .text.USART2_IRQHandler
                0x0000000008004180       0x14 ./Core/Src/stm32f4xx_it.o
                0x0000000008004180                USART2_IRQHandler
 .text.EXTI15_10_IRQHandler
                0x0000000008004194       0x10 ./Core/Src/stm32f4xx_it.o
                0x0000000008004194                EXTI15_10_IRQHandler
 .text.BSP_I2C1_Init
                0x00000000080041a4       0x64 ./Core/Src/stm32f4xx_nucleo_bus.o
                0x00000000080041a4                BSP_I2C1_Init
 .text.BSP_I2C1_DeInit
                0x0000000008004208       0x50 ./Core/Src/stm32f4xx_nucleo_bus.o
                0x0000000008004208                BSP_I2C1_DeInit
 .text.BSP_I2C1_WriteReg16
                0x0000000008004258       0x64 ./Core/Src/stm32f4xx_nucleo_bus.o
                0x0000000008004258                BSP_I2C1_WriteReg16
 .text.BSP_I2C1_ReadReg16
                0x00000000080042bc       0x64 ./Core/Src/stm32f4xx_nucleo_bus.o
                0x00000000080042bc                BSP_I2C1_ReadReg16
 .text.BSP_GetTick
                0x0000000008004320        0xe ./Core/Src/stm32f4xx_nucleo_bus.o
                0x0000000008004320                BSP_GetTick
 *fill*         0x000000000800432e        0x2 
 .text.MX_I2C1_Init
                0x0000000008004330       0x68 ./Core/Src/stm32f4xx_nucleo_bus.o
                0x0000000008004330                MX_I2C1_Init
 .text.I2C1_MspInit
                0x0000000008004398       0x94 ./Core/Src/stm32f4xx_nucleo_bus.o
 .text.I2C1_MspDeInit
                0x000000000800442c       0x38 ./Core/Src/stm32f4xx_nucleo_bus.o
 .text._getpid  0x0000000008004464       0x10 ./Core/Src/syscalls.o
                0x0000000008004464                _getpid
 .text._kill    0x0000000008004474       0x20 ./Core/Src/syscalls.o
                0x0000000008004474                _kill
 .text._exit    0x0000000008004494       0x14 ./Core/Src/syscalls.o
                0x0000000008004494                _exit
 .text._sbrk    0x00000000080044a8       0x6c ./Core/Src/sysmem.o
                0x00000000080044a8                _sbrk
 .text.SystemInit
                0x0000000008004514       0x24 ./Core/Src/system_stm32f4xx.o
                0x0000000008004514                SystemInit
 .text.MX_USART2_UART_Init
                0x0000000008004538       0x54 ./Core/Src/usart.o
                0x0000000008004538                MX_USART2_UART_Init
 .text.HAL_UART_MspInit
                0x000000000800458c      0x16c ./Core/Src/usart.o
                0x000000000800458c                HAL_UART_MspInit
 .text.vl53l5cx_get_result_user
                0x00000000080046f8      0x2ce ./Core/Src/user_results.o
                0x00000000080046f8                vl53l5cx_get_result_user
 .text.vl53l5cx_map_target_status_user
                0x00000000080049c6       0x3a ./Core/Src/user_results.o
                0x00000000080049c6                vl53l5cx_map_target_status_user
 .text.Reset_Handler
                0x0000000008004a00       0x50 ./Core/Startup/startup_stm32f401retx.o
                0x0000000008004a00                Reset_Handler
 .text.Default_Handler
                0x0000000008004a50        0x2 ./Core/Startup/startup_stm32f401retx.o
                0x0000000008004a50                RTC_Alarm_IRQHandler
                0x0000000008004a50                EXTI2_IRQHandler
                0x0000000008004a50                SPI4_IRQHandler
                0x0000000008004a50                TIM1_CC_IRQHandler
                0x0000000008004a50                DMA2_Stream5_IRQHandler
                0x0000000008004a50                PVD_IRQHandler
                0x0000000008004a50                SDIO_IRQHandler
                0x0000000008004a50                TAMP_STAMP_IRQHandler
                0x0000000008004a50                EXTI3_IRQHandler
                0x0000000008004a50                TIM1_UP_TIM10_IRQHandler
                0x0000000008004a50                I2C3_ER_IRQHandler
                0x0000000008004a50                EXTI0_IRQHandler
                0x0000000008004a50                I2C2_EV_IRQHandler
                0x0000000008004a50                DMA1_Stream2_IRQHandler
                0x0000000008004a50                FPU_IRQHandler
                0x0000000008004a50                DMA2_Stream2_IRQHandler
                0x0000000008004a50                SPI1_IRQHandler
                0x0000000008004a50                TIM1_BRK_TIM9_IRQHandler
                0x0000000008004a50                DMA2_Stream3_IRQHandler
                0x0000000008004a50                USART6_IRQHandler
                0x0000000008004a50                DMA2_Stream0_IRQHandler
                0x0000000008004a50                TIM4_IRQHandler
                0x0000000008004a50                I2C1_EV_IRQHandler
                0x0000000008004a50                DMA1_Stream1_IRQHandler
                0x0000000008004a50                TIM3_IRQHandler
                0x0000000008004a50                RCC_IRQHandler
                0x0000000008004a50                Default_Handler
                0x0000000008004a50                ADC_IRQHandler
                0x0000000008004a50                DMA1_Stream7_IRQHandler
                0x0000000008004a50                TIM5_IRQHandler
                0x0000000008004a50                DMA2_Stream7_IRQHandler
                0x0000000008004a50                I2C3_EV_IRQHandler
                0x0000000008004a50                EXTI9_5_IRQHandler
                0x0000000008004a50                RTC_WKUP_IRQHandler
                0x0000000008004a50                SPI2_IRQHandler
                0x0000000008004a50                DMA1_Stream0_IRQHandler
                0x0000000008004a50                WWDG_IRQHandler
                0x0000000008004a50                TIM2_IRQHandler
                0x0000000008004a50                OTG_FS_WKUP_IRQHandler
                0x0000000008004a50                TIM1_TRG_COM_TIM11_IRQHandler
                0x0000000008004a50                EXTI1_IRQHandler
                0x0000000008004a50                I2C2_ER_IRQHandler
                0x0000000008004a50                DMA2_Stream1_IRQHandler
                0x0000000008004a50                FLASH_IRQHandler
                0x0000000008004a50                DMA2_Stream4_IRQHandler
                0x0000000008004a50                USART1_IRQHandler
                0x0000000008004a50                OTG_FS_IRQHandler
                0x0000000008004a50                SPI3_IRQHandler
                0x0000000008004a50                DMA1_Stream4_IRQHandler
                0x0000000008004a50                I2C1_ER_IRQHandler
                0x0000000008004a50                DMA2_Stream6_IRQHandler
                0x0000000008004a50                DMA1_Stream3_IRQHandler
 .text.VL53L5A1_RANGING_SENSOR_Init
                0x0000000008004a52       0x2c ./Drivers/BSP/53L5A1/53l5a1_ranging_sensor.o
                0x0000000008004a52                VL53L5A1_RANGING_SENSOR_Init
 *fill*         0x0000000008004a7e        0x2 
 .text.VL53L5A1_RANGING_SENSOR_ReadID
                0x0000000008004a80       0x50 ./Drivers/BSP/53L5A1/53l5a1_ranging_sensor.o
                0x0000000008004a80                VL53L5A1_RANGING_SENSOR_ReadID
 .text.VL53L5A1_RANGING_SENSOR_GetCapabilities
                0x0000000008004ad0       0x50 ./Drivers/BSP/53L5A1/53l5a1_ranging_sensor.o
                0x0000000008004ad0                VL53L5A1_RANGING_SENSOR_GetCapabilities
 .text.VL53L5A1_RANGING_SENSOR_ConfigProfile
                0x0000000008004b20       0x50 ./Drivers/BSP/53L5A1/53l5a1_ranging_sensor.o
                0x0000000008004b20                VL53L5A1_RANGING_SENSOR_ConfigProfile
 .text.VL53L5A1_RANGING_SENSOR_Start
                0x0000000008004b70       0x50 ./Drivers/BSP/53L5A1/53l5a1_ranging_sensor.o
                0x0000000008004b70                VL53L5A1_RANGING_SENSOR_Start
 .text.VL53L5A1_RANGING_SENSOR_Stop
                0x0000000008004bc0       0x4c ./Drivers/BSP/53L5A1/53l5a1_ranging_sensor.o
                0x0000000008004bc0                VL53L5A1_RANGING_SENSOR_Stop
 .text.VL53L5A1_RANGING_SENSOR_SetPowerMode
                0x0000000008004c0c       0x68 ./Drivers/BSP/53L5A1/53l5a1_ranging_sensor.o
                0x0000000008004c0c                VL53L5A1_RANGING_SENSOR_SetPowerMode
 .text.VL53L5CX_Probe
                0x0000000008004c74      0x118 ./Drivers/BSP/53L5A1/53l5a1_ranging_sensor.o
 .text.vl53l5cx_i2c_recover
                0x0000000008004d8c      0x104 ./Drivers/BSP/53L5A1/53l5a1_ranging_sensor.o
 .text._vl53l5cx_poll_for_answer
                0x0000000008004e90       0xa4 ./Drivers/BSP/Components/vl53l5cx/modules/vl53l5cx_api.o
 .text._vl53l5cx_send_offset_data
                0x0000000008004f34      0x2d0 ./Drivers/BSP/Components/vl53l5cx/modules/vl53l5cx_api.o
 .text._vl53l5cx_send_xtalk_data
                0x0000000008005204      0x224 ./Drivers/BSP/Components/vl53l5cx/modules/vl53l5cx_api.o
 .text.vl53l5cx_init
                0x0000000008005428      0x824 ./Drivers/BSP/Components/vl53l5cx/modules/vl53l5cx_api.o
                0x0000000008005428                vl53l5cx_init
 .text.vl53l5cx_set_i2c_address
                0x0000000008005c4c       0x6c ./Drivers/BSP/Components/vl53l5cx/modules/vl53l5cx_api.o
                0x0000000008005c4c                vl53l5cx_set_i2c_address
 .text.vl53l5cx_get_power_mode
                0x0000000008005cb8       0x86 ./Drivers/BSP/Components/vl53l5cx/modules/vl53l5cx_api.o
                0x0000000008005cb8                vl53l5cx_get_power_mode
 .text.vl53l5cx_set_power_mode
                0x0000000008005d3e       0xfc ./Drivers/BSP/Components/vl53l5cx/modules/vl53l5cx_api.o
                0x0000000008005d3e                vl53l5cx_set_power_mode
 *fill*         0x0000000008005e3a        0x2 
 .text.vl53l5cx_start_ranging
                0x0000000008005e3c      0x2bc ./Drivers/BSP/Components/vl53l5cx/modules/vl53l5cx_api.o
                0x0000000008005e3c                vl53l5cx_start_ranging
 .text.vl53l5cx_stop_ranging
                0x00000000080060f8      0x144 ./Drivers/BSP/Components/vl53l5cx/modules/vl53l5cx_api.o
                0x00000000080060f8                vl53l5cx_stop_ranging
 .text.vl53l5cx_check_data_ready
                0x000000000800623c       0x8e ./Drivers/BSP/Components/vl53l5cx/modules/vl53l5cx_api.o
                0x000000000800623c                vl53l5cx_check_data_ready
 *fill*         0x00000000080062ca        0x2 
 .text.vl53l5cx_get_ranging_data
                0x00000000080062cc      0x39c ./Drivers/BSP/Components/vl53l5cx/modules/vl53l5cx_api.o
                0x00000000080062cc                vl53l5cx_get_ranging_data
 .text.vl53l5cx_get_resolution
                0x0000000008006668       0x4a ./Drivers/BSP/Components/vl53l5cx/modules/vl53l5cx_api.o
                0x0000000008006668                vl53l5cx_get_resolution
 .text.vl53l5cx_set_resolution
                0x00000000080066b2      0x1a8 ./Drivers/BSP/Components/vl53l5cx/modules/vl53l5cx_api.o
                0x00000000080066b2                vl53l5cx_set_resolution
 .text.vl53l5cx_set_ranging_frequency_hz
                0x000000000800685a       0x42 ./Drivers/BSP/Components/vl53l5cx/modules/vl53l5cx_api.o
                0x000000000800685a                vl53l5cx_set_ranging_frequency_hz
 .text.vl53l5cx_set_integration_time_ms
                0x000000000800689c       0x6a ./Drivers/BSP/Components/vl53l5cx/modules/vl53l5cx_api.o
                0x000000000800689c                vl53l5cx_set_integration_time_ms
 *fill*         0x0000000008006906        0x2 
 .text.vl53l5cx_set_sharpener_percent
                0x0000000008006908       0x70 ./Drivers/BSP/Components/vl53l5cx/modules/vl53l5cx_api.o
                0x0000000008006908                vl53l5cx_set_sharpener_percent
 .text.vl53l5cx_set_target_order
                0x0000000008006978       0x58 ./Drivers/BSP/Components/vl53l5cx/modules/vl53l5cx_api.o
                0x0000000008006978                vl53l5cx_set_target_order
 .text.vl53l5cx_set_ranging_mode
                0x00000000080069d0       0xae ./Drivers/BSP/Components/vl53l5cx/modules/vl53l5cx_api.o
                0x00000000080069d0                vl53l5cx_set_ranging_mode
 *fill*         0x0000000008006a7e        0x2 
 .text.vl53l5cx_dci_read_data
                0x0000000008006a80      0x114 ./Drivers/BSP/Components/vl53l5cx/modules/vl53l5cx_api.o
                0x0000000008006a80                vl53l5cx_dci_read_data
 .text.vl53l5cx_dci_write_data
                0x0000000008006b94      0x13e ./Drivers/BSP/Components/vl53l5cx/modules/vl53l5cx_api.o
                0x0000000008006b94                vl53l5cx_dci_write_data
 .text.vl53l5cx_dci_replace_data
                0x0000000008006cd2       0x58 ./Drivers/BSP/Components/vl53l5cx/modules/vl53l5cx_api.o
                0x0000000008006cd2                vl53l5cx_dci_replace_data
 .text.vl53l5cx_set_detection_thresholds_enable
                0x0000000008006d2a       0x8c ./Drivers/BSP/Components/vl53l5cx/modules/vl53l5cx_plugin_detection_thresholds.o
                0x0000000008006d2a                vl53l5cx_set_detection_thresholds_enable
 *fill*         0x0000000008006db6        0x2 
 .text.vl53l5cx_set_detection_thresholds
                0x0000000008006db8      0x2b0 ./Drivers/BSP/Components/vl53l5cx/modules/vl53l5cx_plugin_detection_thresholds.o
                0x0000000008006db8                vl53l5cx_set_detection_thresholds
 .text.RdByte   0x0000000008007068       0x2a ./Drivers/BSP/Components/vl53l5cx/porting/platform.o
                0x0000000008007068                RdByte
 .text.WrByte   0x0000000008007092       0x2c ./Drivers/BSP/Components/vl53l5cx/porting/platform.o
                0x0000000008007092                WrByte
 .text.WrMulti  0x00000000080070be       0x2e ./Drivers/BSP/Components/vl53l5cx/porting/platform.o
                0x00000000080070be                WrMulti
 .text.RdMulti  0x00000000080070ec       0x2e ./Drivers/BSP/Components/vl53l5cx/porting/platform.o
                0x00000000080070ec                RdMulti
 .text.SwapBuffer
                0x000000000800711a       0x6c ./Drivers/BSP/Components/vl53l5cx/porting/platform.o
                0x000000000800711a                SwapBuffer
 .text.WaitMs   0x0000000008007186       0x34 ./Drivers/BSP/Components/vl53l5cx/porting/platform.o
                0x0000000008007186                WaitMs
 .text.VL53L5CX_RegisterBusIO
                0x00000000080071ba       0x90 ./Drivers/BSP/Components/vl53l5cx/vl53l5cx.o
                0x00000000080071ba                VL53L5CX_RegisterBusIO
 .text.VL53L5CX_Init
                0x000000000800724a       0x7e ./Drivers/BSP/Components/vl53l5cx/vl53l5cx.o
                0x000000000800724a                VL53L5CX_Init
 .text.VL53L5CX_DeInit
                0x00000000080072c8       0x52 ./Drivers/BSP/Components/vl53l5cx/vl53l5cx.o
                0x00000000080072c8                VL53L5CX_DeInit
 .text.VL53L5CX_ReadID
                0x000000000800731a       0xc0 ./Drivers/BSP/Components/vl53l5cx/vl53l5cx.o
                0x000000000800731a                VL53L5CX_ReadID
 .text.VL53L5CX_GetCapabilities
                0x00000000080073da       0x48 ./Drivers/BSP/Components/vl53l5cx/vl53l5cx.o
                0x00000000080073da                VL53L5CX_GetCapabilities
 *fill*         0x0000000008007422        0x2 
 .text.VL53L5CX_ConfigProfile
                0x0000000008007424      0x13c ./Drivers/BSP/Components/vl53l5cx/vl53l5cx.o
                0x0000000008007424                VL53L5CX_ConfigProfile
 .text.VL53L5CX_ConfigROI
                0x0000000008007560       0x1a ./Drivers/BSP/Components/vl53l5cx/vl53l5cx.o
                0x0000000008007560                VL53L5CX_ConfigROI
 *fill*         0x000000000800757a        0x2 
 .text.VL53L5CX_ConfigIT
                0x000000000800757c      0x170 ./Drivers/BSP/Components/vl53l5cx/vl53l5cx.o
                0x000000000800757c                VL53L5CX_ConfigIT
 .text.VL53L5CX_GetDistance
                0x00000000080076ec       0x6c ./Drivers/BSP/Components/vl53l5cx/vl53l5cx.o
                0x00000000080076ec                VL53L5CX_GetDistance
 .text.VL53L5CX_Start
                0x0000000008007758       0xbc ./Drivers/BSP/Components/vl53l5cx/vl53l5cx.o
                0x0000000008007758                VL53L5CX_Start
 .text.VL53L5CX_Stop
                0x0000000008007814       0x56 ./Drivers/BSP/Components/vl53l5cx/vl53l5cx.o
                0x0000000008007814                VL53L5CX_Stop
 .text.VL53L5CX_SetAddress
                0x000000000800786a       0x50 ./Drivers/BSP/Components/vl53l5cx/vl53l5cx.o
                0x000000000800786a                VL53L5CX_SetAddress
 .text.VL53L5CX_GetAddress
                0x00000000080078ba       0x3a ./Drivers/BSP/Components/vl53l5cx/vl53l5cx.o
                0x00000000080078ba                VL53L5CX_GetAddress
 .text.VL53L5CX_SetPowerMode
                0x00000000080078f4       0x58 ./Drivers/BSP/Components/vl53l5cx/vl53l5cx.o
                0x00000000080078f4                VL53L5CX_SetPowerMode
 .text.VL53L5CX_GetPowerMode
                0x000000000800794c       0x58 ./Drivers/BSP/Components/vl53l5cx/vl53l5cx.o
                0x000000000800794c                VL53L5CX_GetPowerMode
 .text.vl53l5cx_poll_for_measurement
                0x00000000080079a4       0x66 ./Drivers/BSP/Components/vl53l5cx/vl53l5cx.o
 .text.vl53l5cx_get_result
                0x0000000008007a0a      0x248 ./Drivers/BSP/Components/vl53l5cx/vl53l5cx.o
 .text.vl53l5cx_map_target_status
                0x0000000008007c52       0x3a ./Drivers/BSP/Components/vl53l5cx/vl53l5cx.o
 .text.HAL_Init
                0x0000000008007c8c       0x44 ./Drivers/STM32F4xx_HAL_Driver/Src/stm32f4xx_hal.o
                0x0000000008007c8c                HAL_Init
 .text.HAL_InitTick
                0x0000000008007cd0       0x60 ./Drivers/STM32F4xx_HAL_Driver/Src/stm32f4xx_hal.o
                0x0000000008007cd0                HAL_InitTick
 .text.HAL_IncTick
                0x0000000008007d30       0x28 ./Drivers/STM32F4xx_HAL_Driver/Src/stm32f4xx_hal.o
                0x0000000008007d30                HAL_IncTick
 .text.HAL_GetTick
                0x0000000008007d58       0x18 ./Drivers/STM32F4xx_HAL_Driver/Src/stm32f4xx_hal.o
                0x0000000008007d58                HAL_GetTick
 .text.HAL_Delay
                0x0000000008007d70       0x48 ./Drivers/STM32F4xx_HAL_Driver/Src/stm32f4xx_hal.o
                0x0000000008007d70                HAL_Delay
 .text.__NVIC_SetPriorityGrouping
                0x0000000008007db8       0x48 ./Drivers/STM32F4xx_HAL_Driver/Src/stm32f4xx_hal_cortex.o
 .text.__NVIC_GetPriorityGrouping
                0x0000000008007e00       0x1c ./Drivers/STM32F4xx_HAL_Driver/Src/stm32f4xx_hal_cortex.o
 .text.__NVIC_EnableIRQ
                0x0000000008007e1c       0x3c ./Drivers/STM32F4xx_HAL_Driver/Src/stm32f4xx_hal_cortex.o
 .text.__NVIC_SetPriority
                0x0000000008007e58       0x54 ./Drivers/STM32F4xx_HAL_Driver/Src/stm32f4xx_hal_cortex.o
 .text.NVIC_EncodePriority
                0x0000000008007eac       0x66 ./Drivers/STM32F4xx_HAL_Driver/Src/stm32f4xx_hal_cortex.o
 *fill*         0x0000000008007f12        0x2 
 .text.SysTick_Config
                0x0000000008007f14       0x44 ./Drivers/STM32F4xx_HAL_Driver/Src/stm32f4xx_hal_cortex.o
 .text.HAL_NVIC_SetPriorityGrouping
                0x0000000008007f58       0x16 ./Drivers/STM32F4xx_HAL_Driver/Src/stm32f4xx_hal_cortex.o
                0x0000000008007f58                HAL_NVIC_SetPriorityGrouping
 .text.HAL_NVIC_SetPriority
                0x0000000008007f6e       0x38 ./Drivers/STM32F4xx_HAL_Driver/Src/stm32f4xx_hal_cortex.o
                0x0000000008007f6e                HAL_NVIC_SetPriority
 .text.HAL_NVIC_EnableIRQ
                0x0000000008007fa6       0x1c ./Drivers/STM32F4xx_HAL_Driver/Src/stm32f4xx_hal_cortex.o
                0x0000000008007fa6                HAL_NVIC_EnableIRQ
 .text.HAL_SYSTICK_Config
                0x0000000008007fc2       0x18 ./Drivers/STM32F4xx_HAL_Driver/Src/stm32f4xx_hal_cortex.o
                0x0000000008007fc2                HAL_SYSTICK_Config
 *fill*         0x0000000008007fda        0x2 
 .text.HAL_DMA_Init
                0x0000000008007fdc      0x15c ./Drivers/STM32F4xx_HAL_Driver/Src/stm32f4xx_hal_dma.o
                0x0000000008007fdc                HAL_DMA_Init
 .text.HAL_DMA_Start_IT
                0x0000000008008138       0xb0 ./Drivers/STM32F4xx_HAL_Driver/Src/stm32f4xx_hal_dma.o
                0x0000000008008138                HAL_DMA_Start_IT
 .text.HAL_DMA_Abort
                0x00000000080081e8       0xe0 ./Drivers/STM32F4xx_HAL_Driver/Src/stm32f4xx_hal_dma.o
                0x00000000080081e8                HAL_DMA_Abort
 .text.HAL_DMA_Abort_IT
                0x00000000080082c8       0x44 ./Drivers/STM32F4xx_HAL_Driver/Src/stm32f4xx_hal_dma.o
                0x00000000080082c8                HAL_DMA_Abort_IT
 .text.HAL_DMA_IRQHandler
                0x000000000800830c      0x314 ./Drivers/STM32F4xx_HAL_Driver/Src/stm32f4xx_hal_dma.o
                0x000000000800830c                HAL_DMA_IRQHandler
 .text.DMA_SetConfig
                0x0000000008008620       0x5c ./Drivers/STM32F4xx_HAL_Driver/Src/stm32f4xx_hal_dma.o
 .text.DMA_CalcBaseAndBitshift
                0x000000000800867c       0x6c ./Drivers/STM32F4xx_HAL_Driver/Src/stm32f4xx_hal_dma.o
 .text.DMA_CheckFifoParam
                0x00000000080086e8       0xf8 ./Drivers/STM32F4xx_HAL_Driver/Src/stm32f4xx_hal_dma.o
 .text.HAL_GPIO_Init
                0x00000000080087e0      0x308 ./Drivers/STM32F4xx_HAL_Driver/Src/stm32f4xx_hal_gpio.o
                0x00000000080087e0                HAL_GPIO_Init
 .text.HAL_GPIO_DeInit
                0x0000000008008ae8      0x1c8 ./Drivers/STM32F4xx_HAL_Driver/Src/stm32f4xx_hal_gpio.o
                0x0000000008008ae8                HAL_GPIO_DeInit
 .text.HAL_GPIO_ReadPin
                0x0000000008008cb0       0x30 ./Drivers/STM32F4xx_HAL_Driver/Src/stm32f4xx_hal_gpio.o
                0x0000000008008cb0                HAL_GPIO_ReadPin
 .text.HAL_GPIO_WritePin
                0x0000000008008ce0       0x32 ./Drivers/STM32F4xx_HAL_Driver/Src/stm32f4xx_hal_gpio.o
                0x0000000008008ce0                HAL_GPIO_WritePin
 .text.HAL_GPIO_TogglePin
                0x0000000008008d12       0x34 ./Drivers/STM32F4xx_HAL_Driver/Src/stm32f4xx_hal_gpio.o
                0x0000000008008d12                HAL_GPIO_TogglePin
 *fill*         0x0000000008008d46        0x2 
 .text.HAL_GPIO_EXTI_IRQHandler
                0x0000000008008d48       0x30 ./Drivers/STM32F4xx_HAL_Driver/Src/stm32f4xx_hal_gpio.o
                0x0000000008008d48                HAL_GPIO_EXTI_IRQHandler
 .text.HAL_I2C_Init
                0x0000000008008d78      0x288 ./Drivers/STM32F4xx_HAL_Driver/Src/stm32f4xx_hal_i2c.o
                0x0000000008008d78                HAL_I2C_Init
 .text.HAL_I2C_DeInit
                0x0000000008009000       0x5e ./Drivers/STM32F4xx_HAL_Driver/Src/stm32f4xx_hal_i2c.o
                0x0000000008009000                HAL_I2C_DeInit
 .text.HAL_I2C_MspInit
                0x000000000800905e       0x14 ./Drivers/STM32F4xx_HAL_Driver/Src/stm32f4xx_hal_i2c.o
                0x000000000800905e                HAL_I2C_MspInit
 .text.HAL_I2C_MspDeInit
                0x0000000008009072       0x14 ./Drivers/STM32F4xx_HAL_Driver/Src/stm32f4xx_hal_i2c.o
                0x0000000008009072                HAL_I2C_MspDeInit
 *fill*         0x0000000008009086        0x2 
 .text.HAL_I2C_Mem_Write
                0x0000000008009088      0x1f4 ./Drivers/STM32F4xx_HAL_Driver/Src/stm32f4xx_hal_i2c.o
                0x0000000008009088                HAL_I2C_Mem_Write
 .text.HAL_I2C_Mem_Read
                0x000000000800927c      0x44c ./Drivers/STM32F4xx_HAL_Driver/Src/stm32f4xx_hal_i2c.o
                0x000000000800927c                HAL_I2C_Mem_Read
 .text.HAL_I2C_GetState
                0x00000000080096c8       0x1c ./Drivers/STM32F4xx_HAL_Driver/Src/stm32f4xx_hal_i2c.o
                0x00000000080096c8                HAL_I2C_GetState
 .text.HAL_I2C_GetError
                0x00000000080096e4       0x18 ./Drivers/STM32F4xx_HAL_Driver/Src/stm32f4xx_hal_i2c.o
                0x00000000080096e4                HAL_I2C_GetError
 .text.I2C_RequestMemoryWrite
                0x00000000080096fc      0x12c ./Drivers/STM32F4xx_HAL_Driver/Src/stm32f4xx_hal_i2c.o
 .text.I2C_RequestMemoryRead
                0x0000000008009828      0x1d0 ./Drivers/STM32F4xx_HAL_Driver/Src/stm32f4xx_hal_i2c.o
 .text.I2C_WaitOnFlagUntilTimeout
                0x00000000080099f8       0xae ./Drivers/STM32F4xx_HAL_Driver/Src/stm32f4xx_hal_i2c.o
 .text.I2C_WaitOnMasterAddressFlagUntilTimeout
                0x0000000008009aa6       0xfe ./Drivers/STM32F4xx_HAL_Driver/Src/stm32f4xx_hal_i2c.o
 .text.I2C_WaitOnTXEFlagUntilTimeout
                0x0000000008009ba4       0x82 ./Drivers/STM32F4xx_HAL_Driver/Src/stm32f4xx_hal_i2c.o
 .text.I2C_WaitOnBTFFlagUntilTimeout
                0x0000000008009c26       0x82 ./Drivers/STM32F4xx_HAL_Driver/Src/stm32f4xx_hal_i2c.o
 .text.I2C_WaitOnRXNEFlagUntilTimeout
                0x0000000008009ca8       0xac ./Drivers/STM32F4xx_HAL_Driver/Src/stm32f4xx_hal_i2c.o
 .text.I2C_IsAcknowledgeFailed
                0x0000000008009d54       0x5e ./Drivers/STM32F4xx_HAL_Driver/Src/stm32f4xx_hal_i2c.o
 *fill*         0x0000000008009db2        0x2 
 .text.HAL_RCC_OscConfig
                0x0000000008009db4      0x4f0 ./Drivers/STM32F4xx_HAL_Driver/Src/stm32f4xx_hal_rcc.o
                0x0000000008009db4                HAL_RCC_OscConfig
 .text.HAL_RCC_ClockConfig
                0x000000000800a2a4      0x1cc ./Drivers/STM32F4xx_HAL_Driver/Src/stm32f4xx_hal_rcc.o
                0x000000000800a2a4                HAL_RCC_ClockConfig
 .text.HAL_RCC_GetSysClockFreq
                0x000000000800a470      0x1c4 ./Drivers/STM32F4xx_HAL_Driver/Src/stm32f4xx_hal_rcc.o
                0x000000000800a470                HAL_RCC_GetSysClockFreq
 .text.HAL_RCC_GetHCLKFreq
                0x000000000800a634       0x18 ./Drivers/STM32F4xx_HAL_Driver/Src/stm32f4xx_hal_rcc.o
                0x000000000800a634                HAL_RCC_GetHCLKFreq
 .text.HAL_RCC_GetPCLK1Freq
                0x000000000800a64c       0x28 ./Drivers/STM32F4xx_HAL_Driver/Src/stm32f4xx_hal_rcc.o
                0x000000000800a64c                HAL_RCC_GetPCLK1Freq
 .text.HAL_RCC_GetPCLK2Freq
                0x000000000800a674       0x28 ./Drivers/STM32F4xx_HAL_Driver/Src/stm32f4xx_hal_rcc.o
                0x000000000800a674                HAL_RCC_GetPCLK2Freq
 .text.HAL_UART_Init
                0x000000000800a69c       0x9a ./Drivers/STM32F4xx_HAL_Driver/Src/stm32f4xx_hal_uart.o
                0x000000000800a69c                HAL_UART_Init
 *fill*         0x000000000800a736        0x2 
 .text.HAL_UART_Transmit_DMA
                0x000000000800a738       0xfc ./Drivers/STM32F4xx_HAL_Driver/Src/stm32f4xx_hal_uart.o
                0x000000000800a738                HAL_UART_Transmit_DMA
 .text.HAL_UART_Receive_DMA
                0x000000000800a834       0x60 ./Drivers/STM32F4xx_HAL_Driver/Src/stm32f4xx_hal_uart.o
                0x000000000800a834                HAL_UART_Receive_DMA
 .text.HAL_UART_IRQHandler
                0x000000000800a894      0x51c ./Drivers/STM32F4xx_HAL_Driver/Src/stm32f4xx_hal_uart.o
                0x000000000800a894                HAL_UART_IRQHandler
 .text.HAL_UART_TxHalfCpltCallback
                0x000000000800adb0       0x14 ./Drivers/STM32F4xx_HAL_Driver/Src/stm32f4xx_hal_uart.o
                0x000000000800adb0                HAL_UART_TxHalfCpltCallback
 .text.HAL_UART_RxHalfCpltCallback
                0x000000000800adc4       0x14 ./Drivers/STM32F4xx_HAL_Driver/Src/stm32f4xx_hal_uart.o
                0x000000000800adc4                HAL_UART_RxHalfCpltCallback
 .text.HAL_UART_ErrorCallback
                0x000000000800add8       0x14 ./Drivers/STM32F4xx_HAL_Driver/Src/stm32f4xx_hal_uart.o
                0x000000000800add8                HAL_UART_ErrorCallback
 .text.HAL_UARTEx_RxEventCallback
                0x000000000800adec       0x18 ./Drivers/STM32F4xx_HAL_Driver/Src/stm32f4xx_hal_uart.o
                0x000000000800adec                HAL_UARTEx_RxEventCallback
 .text.UART_DMATransmitCplt
                0x000000000800ae04       0x9a ./Drivers/STM32F4xx_HAL_Driver/Src/stm32f4xx_hal_uart.o
 .text.UART_DMATxHalfCplt
                0x000000000800ae9e       0x1c ./Drivers/STM32F4xx_HAL_Driver/Src/stm32f4xx_hal_uart.o
 .text.UART_DMAReceiveCplt
                0x000000000800aeba      0x126 ./Drivers/STM32F4xx_HAL_Driver/Src/stm32f4xx_hal_uart.o
 .text.UART_DMARxHalfCplt
                0x000000000800afe0       0x36 ./Drivers/STM32F4xx_HAL_Driver/Src/stm32f4xx_hal_uart.o
 .text.UART_DMAError
                0x000000000800b016       0x94 ./Drivers/STM32F4xx_HAL_Driver/Src/stm32f4xx_hal_uart.o
 *fill*         0x000000000800b0aa        0x2 
 .text.UART_Start_Receive_DMA
                0x000000000800b0ac      0x134 ./Drivers/STM32F4xx_HAL_Driver/Src/stm32f4xx_hal_uart.o
                0x000000000800b0ac                UART_Start_Receive_DMA
 .text.UART_EndTxTransfer
                0x000000000800b1e0       0x50 ./Drivers/STM32F4xx_HAL_Driver/Src/stm32f4xx_hal_uart.o
 .text.UART_EndRxTransfer
                0x000000000800b230       0xc6 ./Drivers/STM32F4xx_HAL_Driver/Src/stm32f4xx_hal_uart.o
 .text.UART_DMAAbortOnError
                0x000000000800b2f6       0x28 ./Drivers/STM32F4xx_HAL_Driver/Src/stm32f4xx_hal_uart.o
 .text.UART_Transmit_IT
                0x000000000800b31e       0xa0 ./Drivers/STM32F4xx_HAL_Driver/Src/stm32f4xx_hal_uart.o
 .text.UART_EndTransmit_IT
                0x000000000800b3be       0x30 ./Drivers/STM32F4xx_HAL_Driver/Src/stm32f4xx_hal_uart.o
 .text.UART_Receive_IT
                0x000000000800b3ee      0x176 ./Drivers/STM32F4xx_HAL_Driver/Src/stm32f4xx_hal_uart.o
 .text.UART_SetConfig
                0x000000000800b564      0x390 ./Drivers/STM32F4xx_HAL_Driver/Src/stm32f4xx_hal_uart.o
 .text._ZN3ros16normalizeSecNSecERmS0_
                0x000000000800b8f4       0x58 ./rosserial/Inc/time.o
                0x000000000800b8f4                ros::normalizeSecNSec(unsigned long&, unsigned long&)
 .text.__cxa_pure_virtual
                0x000000000800b94c        0x6 /opt/st/stm32cubeide_1.7.0/plugins/com.st.stm32cube.ide.mcu.externaltools.gnu-tools-for-stm32.9-2020-q2-update.linux64_2.0.0.202105311346/tools/bin/../lib/gcc/arm-none-eabi/9.3.1/../../../../arm-none-eabi/lib/thumb/v7e-m+fp/hard/libstdc++_nano.a(pure.o)
                0x000000000800b94c                __cxa_pure_virtual
 .text._ZN10__cxxabiv111__terminateEPFvvE
                0x000000000800b952        0x8 /opt/st/stm32cubeide_1.7.0/plugins/com.st.stm32cube.ide.mcu.externaltools.gnu-tools-for-stm32.9-2020-q2-update.linux64_2.0.0.202105311346/tools/bin/../lib/gcc/arm-none-eabi/9.3.1/../../../../arm-none-eabi/lib/thumb/v7e-m+fp/hard/libstdc++_nano.a(eh_terminate.o)
                0x000000000800b952                __cxxabiv1::__terminate(void (*)())
 *fill*         0x000000000800b95a        0x2 
 .text._ZSt13get_terminatev
                0x000000000800b95c       0x10 /opt/st/stm32cubeide_1.7.0/plugins/com.st.stm32cube.ide.mcu.externaltools.gnu-tools-for-stm32.9-2020-q2-update.linux64_2.0.0.202105311346/tools/bin/../lib/gcc/arm-none-eabi/9.3.1/../../../../arm-none-eabi/lib/thumb/v7e-m+fp/hard/libstdc++_nano.a(eh_terminate.o)
                0x000000000800b95c                std::get_terminate()
 .text._ZSt9terminatev
                0x000000000800b96c        0xa /opt/st/stm32cubeide_1.7.0/plugins/com.st.stm32cube.ide.mcu.externaltools.gnu-tools-for-stm32.9-2020-q2-update.linux64_2.0.0.202105311346/tools/bin/../lib/gcc/arm-none-eabi/9.3.1/../../../../arm-none-eabi/lib/thumb/v7e-m+fp/hard/libstdc++_nano.a(eh_terminate.o)
                0x000000000800b96c                std::terminate()
 .text.abort    0x000000000800b976        0xe /opt/st/stm32cubeide_1.7.0/plugins/com.st.stm32cube.ide.mcu.externaltools.gnu-tools-for-stm32.9-2020-q2-update.linux64_2.0.0.202105311346/tools/bin/../lib/gcc/arm-none-eabi/9.3.1/../../../../arm-none-eabi/lib/thumb/v7e-m+fp/hard/libc_nano.a(lib_a-abort.o)
                0x000000000800b976                abort
 .text.__errno  0x000000000800b984        0xc /opt/st/stm32cubeide_1.7.0/plugins/com.st.stm32cube.ide.mcu.externaltools.gnu-tools-for-stm32.9-2020-q2-update.linux64_2.0.0.202105311346/tools/bin/../lib/gcc/arm-none-eabi/9.3.1/../../../../arm-none-eabi/lib/thumb/v7e-m+fp/hard/libc_nano.a(lib_a-errno.o)
                0x000000000800b984                __errno
 .text.__libc_init_array
                0x000000000800b990       0x48 /opt/st/stm32cubeide_1.7.0/plugins/com.st.stm32cube.ide.mcu.externaltools.gnu-tools-for-stm32.9-2020-q2-update.linux64_2.0.0.202105311346/tools/bin/../lib/gcc/arm-none-eabi/9.3.1/../../../../arm-none-eabi/lib/thumb/v7e-m+fp/hard/libc_nano.a(lib_a-init.o)
                0x000000000800b990                __libc_init_array
 .text.memcpy   0x000000000800b9d8       0x1c /opt/st/stm32cubeide_1.7.0/plugins/com.st.stm32cube.ide.mcu.externaltools.gnu-tools-for-stm32.9-2020-q2-update.linux64_2.0.0.202105311346/tools/bin/../lib/gcc/arm-none-eabi/9.3.1/../../../../arm-none-eabi/lib/thumb/v7e-m+fp/hard/libc_nano.a(lib_a-memcpy-stub.o)
                0x000000000800b9d8                memcpy
 .text.memset   0x000000000800b9f4       0x10 /opt/st/stm32cubeide_1.7.0/plugins/com.st.stm32cube.ide.mcu.externaltools.gnu-tools-for-stm32.9-2020-q2-update.linux64_2.0.0.202105311346/tools/bin/../lib/gcc/arm-none-eabi/9.3.1/../../../../arm-none-eabi/lib/thumb/v7e-m+fp/hard/libc_nano.a(lib_a-memset.o)
                0x000000000800b9f4                memset
 .text.realloc  0x000000000800ba04       0x10 /opt/st/stm32cubeide_1.7.0/plugins/com.st.stm32cube.ide.mcu.externaltools.gnu-tools-for-stm32.9-2020-q2-update.linux64_2.0.0.202105311346/tools/bin/../lib/gcc/arm-none-eabi/9.3.1/../../../../arm-none-eabi/lib/thumb/v7e-m+fp/hard/libc_nano.a(lib_a-realloc.o)
                0x000000000800ba04                realloc
 .text._raise_r
                0x000000000800ba14       0x50 /opt/st/stm32cubeide_1.7.0/plugins/com.st.stm32cube.ide.mcu.externaltools.gnu-tools-for-stm32.9-2020-q2-update.linux64_2.0.0.202105311346/tools/bin/../lib/gcc/arm-none-eabi/9.3.1/../../../../arm-none-eabi/lib/thumb/v7e-m+fp/hard/libc_nano.a(lib_a-signal.o)
                0x000000000800ba14                _raise_r
 .text.raise    0x000000000800ba64       0x10 /opt/st/stm32cubeide_1.7.0/plugins/com.st.stm32cube.ide.mcu.externaltools.gnu-tools-for-stm32.9-2020-q2-update.linux64_2.0.0.202105311346/tools/bin/../lib/gcc/arm-none-eabi/9.3.1/../../../../arm-none-eabi/lib/thumb/v7e-m+fp/hard/libc_nano.a(lib_a-signal.o)
                0x000000000800ba64                raise
 .text._kill_r  0x000000000800ba74       0x24 /opt/st/stm32cubeide_1.7.0/plugins/com.st.stm32cube.ide.mcu.externaltools.gnu-tools-for-stm32.9-2020-q2-update.linux64_2.0.0.202105311346/tools/bin/../lib/gcc/arm-none-eabi/9.3.1/../../../../arm-none-eabi/lib/thumb/v7e-m+fp/hard/libc_nano.a(lib_a-signalr.o)
                0x000000000800ba74                _kill_r
 .text._getpid_r
                0x000000000800ba98        0x4 /opt/st/stm32cubeide_1.7.0/plugins/com.st.stm32cube.ide.mcu.externaltools.gnu-tools-for-stm32.9-2020-q2-update.linux64_2.0.0.202105311346/tools/bin/../lib/gcc/arm-none-eabi/9.3.1/../../../../arm-none-eabi/lib/thumb/v7e-m+fp/hard/libc_nano.a(lib_a-signalr.o)
                0x000000000800ba98                _getpid_r
 .text._malloc_r
                0x000000000800ba9c       0xb4 /opt/st/stm32cubeide_1.7.0/plugins/com.st.stm32cube.ide.mcu.externaltools.gnu-tools-for-stm32.9-2020-q2-update.linux64_2.0.0.202105311346/tools/bin/../lib/gcc/arm-none-eabi/9.3.1/../../../../arm-none-eabi/lib/thumb/v7e-m+fp/hard/libc_nano.a(lib_a-nano-mallocr.o)
                0x000000000800ba9c                _malloc_r
 .text._realloc_r
                0x000000000800bb50       0x4c /opt/st/stm32cubeide_1.7.0/plugins/com.st.stm32cube.ide.mcu.externaltools.gnu-tools-for-stm32.9-2020-q2-update.linux64_2.0.0.202105311346/tools/bin/../lib/gcc/arm-none-eabi/9.3.1/../../../../arm-none-eabi/lib/thumb/v7e-m+fp/hard/libc_nano.a(lib_a-nano-reallocr.o)
                0x000000000800bb50                _realloc_r
 .text._sbrk_r  0x000000000800bb9c       0x20 /opt/st/stm32cubeide_1.7.0/plugins/com.st.stm32cube.ide.mcu.externaltools.gnu-tools-for-stm32.9-2020-q2-update.linux64_2.0.0.202105311346/tools/bin/../lib/gcc/arm-none-eabi/9.3.1/../../../../arm-none-eabi/lib/thumb/v7e-m+fp/hard/libc_nano.a(lib_a-sbrkr.o)
                0x000000000800bb9c                _sbrk_r
 .text.__malloc_lock
                0x000000000800bbbc        0xc /opt/st/stm32cubeide_1.7.0/plugins/com.st.stm32cube.ide.mcu.externaltools.gnu-tools-for-stm32.9-2020-q2-update.linux64_2.0.0.202105311346/tools/bin/../lib/gcc/arm-none-eabi/9.3.1/../../../../arm-none-eabi/lib/thumb/v7e-m+fp/hard/libc_nano.a(lib_a-mlock.o)
                0x000000000800bbbc                __malloc_lock
 .text.__malloc_unlock
                0x000000000800bbc8        0xc /opt/st/stm32cubeide_1.7.0/plugins/com.st.stm32cube.ide.mcu.externaltools.gnu-tools-for-stm32.9-2020-q2-update.linux64_2.0.0.202105311346/tools/bin/../lib/gcc/arm-none-eabi/9.3.1/../../../../arm-none-eabi/lib/thumb/v7e-m+fp/hard/libc_nano.a(lib_a-mlock.o)
                0x000000000800bbc8                __malloc_unlock
 .text._free_r  0x000000000800bbd4       0xa0 /opt/st/stm32cubeide_1.7.0/plugins/com.st.stm32cube.ide.mcu.externaltools.gnu-tools-for-stm32.9-2020-q2-update.linux64_2.0.0.202105311346/tools/bin/../lib/gcc/arm-none-eabi/9.3.1/../../../../arm-none-eabi/lib/thumb/v7e-m+fp/hard/libc_nano.a(lib_a-nano-freer.o)
                0x000000000800bbd4                _free_r
 .text._malloc_usable_size_r
                0x000000000800bc74       0x10 /opt/st/stm32cubeide_1.7.0/plugins/com.st.stm32cube.ide.mcu.externaltools.gnu-tools-for-stm32.9-2020-q2-update.linux64_2.0.0.202105311346/tools/bin/../lib/gcc/arm-none-eabi/9.3.1/../../../../arm-none-eabi/lib/thumb/v7e-m+fp/hard/libc_nano.a(lib_a-nano-msizer.o)
                0x000000000800bc74                _malloc_usable_size_r
 .text.__retarget_lock_acquire_recursive
                0x000000000800bc84        0x2 /opt/st/stm32cubeide_1.7.0/plugins/com.st.stm32cube.ide.mcu.externaltools.gnu-tools-for-stm32.9-2020-q2-update.linux64_2.0.0.202105311346/tools/bin/../lib/gcc/arm-none-eabi/9.3.1/../../../../arm-none-eabi/lib/thumb/v7e-m+fp/hard/libc_nano.a(lib_a-lock.o)
                0x000000000800bc84                __retarget_lock_acquire_recursive
 .text.__retarget_lock_release_recursive
                0x000000000800bc86        0x2 /opt/st/stm32cubeide_1.7.0/plugins/com.st.stm32cube.ide.mcu.externaltools.gnu-tools-for-stm32.9-2020-q2-update.linux64_2.0.0.202105311346/tools/bin/../lib/gcc/arm-none-eabi/9.3.1/../../../../arm-none-eabi/lib/thumb/v7e-m+fp/hard/libc_nano.a(lib_a-lock.o)
                0x000000000800bc86                __retarget_lock_release_recursive
 *(.glue_7)
 .glue_7        0x000000000800bc88        0x0 linker stubs
 *(.glue_7t)
 .glue_7t       0x000000000800bc88        0x0 linker stubs
 *(.eh_frame)
 .eh_frame      0x000000000800bc88        0x0 /opt/st/stm32cubeide_1.7.0/plugins/com.st.stm32cube.ide.mcu.externaltools.gnu-tools-for-stm32.9-2020-q2-update.linux64_2.0.0.202105311346/tools/bin/../lib/gcc/arm-none-eabi/9.3.1/thumb/v7e-m+fp/hard/crtbegin.o
 *(.init)
 .init          0x000000000800bc88        0x4 /opt/st/stm32cubeide_1.7.0/plugins/com.st.stm32cube.ide.mcu.externaltools.gnu-tools-for-stm32.9-2020-q2-update.linux64_2.0.0.202105311346/tools/bin/../lib/gcc/arm-none-eabi/9.3.1/thumb/v7e-m+fp/hard/crti.o
                0x000000000800bc88                _init
 .init          0x000000000800bc8c        0x8 /opt/st/stm32cubeide_1.7.0/plugins/com.st.stm32cube.ide.mcu.externaltools.gnu-tools-for-stm32.9-2020-q2-update.linux64_2.0.0.202105311346/tools/bin/../lib/gcc/arm-none-eabi/9.3.1/thumb/v7e-m+fp/hard/crtn.o
 *(.fini)
 .fini          0x000000000800bc94        0x4 /opt/st/stm32cubeide_1.7.0/plugins/com.st.stm32cube.ide.mcu.externaltools.gnu-tools-for-stm32.9-2020-q2-update.linux64_2.0.0.202105311346/tools/bin/../lib/gcc/arm-none-eabi/9.3.1/thumb/v7e-m+fp/hard/crti.o
                0x000000000800bc94                _fini
 .fini          0x000000000800bc98        0x8 /opt/st/stm32cubeide_1.7.0/plugins/com.st.stm32cube.ide.mcu.externaltools.gnu-tools-for-stm32.9-2020-q2-update.linux64_2.0.0.202105311346/tools/bin/../lib/gcc/arm-none-eabi/9.3.1/thumb/v7e-m+fp/hard/crtn.o
                0x000000000800bca0                . = ALIGN (0x4)
                0x000000000800bca0                _etext = .

.vfp11_veneer   0x000000000800bca0        0x0
 .vfp11_veneer  0x000000000800bca0        0x0 linker stubs

.v4_bx          0x000000000800bca0        0x0
 .v4_bx         0x000000000800bca0        0x0 linker stubs

.iplt           0x000000000800bca0        0x0
 .iplt          0x000000000800bca0        0x0 /opt/st/stm32cubeide_1.7.0/plugins/com.st.stm32cube.ide.mcu.externaltools.gnu-tools-for-stm32.9-2020-q2-update.linux64_2.0.0.202105311346/tools/bin/../lib/gcc/arm-none-eabi/9.3.1/thumb/v7e-m+fp/hard/crtbegin.o

.rodata         0x000000000800bca0    0x15dfc
                0x000000000800bca0                . = ALIGN (0x4)
 *(.rodata)
 .rodata        0x000000000800bca0      0x3bb ./Core/Src/mainpp.o
 *fill*         0x000000000800c05b        0x1 
 .rodata        0x000000000800c05c       0x6c ./Drivers/BSP/Components/vl53l5cx/modules/vl53l5cx_api.o
 .rodata        0x000000000800c0c8        0x8 ./Drivers/BSP/Components/vl53l5cx/modules/vl53l5cx_plugin_detection_thresholds.o
 *(.rodata*)
 .rodata._ZN14rosserial_msgsL12REQUESTPARAME
                0x000000000800c0d0       0x1c ./Core/Src/mainpp.o
 .rodata._ZL13topic_control
                0x000000000800c0ec       0x13 ./Core/Src/mainpp.o
 *fill*         0x000000000800c0ff        0x1 
 .rodata._ZL13topic_ambient
                0x000000000800c100       0x18 ./Core/Src/mainpp.o
 .rodata._ZL13topic_n_spads
                0x000000000800c118       0x1c ./Core/Src/mainpp.o
 .rodata._ZL12topic_s_spad
                0x000000000800c134       0x17 ./Core/Src/mainpp.o
 *fill*         0x000000000800c14b        0x1 
 .rodata._ZL14topic_distance
                0x000000000800c14c       0x13 ./Core/Src/mainpp.o
 *fill*         0x000000000800c15f        0x1 
 .rodata._ZL11topic_sigma
                0x000000000800c160       0x10 ./Core/Src/mainpp.o
 .rodata._ZL13topic_reflect
                0x000000000800c170       0x1e ./Core/Src/mainpp.o
 *fill*         0x000000000800c18e        0x2 
 .rodata._ZL14topic_t_status
                0x000000000800c190       0x15 ./Core/Src/mainpp.o
 *fill*         0x000000000800c1a5        0x3 
 .rodata._ZTVN3ros10SubscriberIN21sensors_53l5a1_driver7controlEvEE
                0x000000000800c1a8       0x18 ./Core/Src/mainpp.o
                0x000000000800c1a8                vtable for ros::Subscriber<sensors_53l5a1_driver::control, void>
 .rodata._ZTVN3ros10SubscriberIN8std_msgs5EmptyEvEE
                0x000000000800c1c0       0x18 ./Core/Src/mainpp.o
                0x000000000800c1c0                vtable for ros::Subscriber<std_msgs::Empty, void>
 .rodata._ZTVN3ros11NodeHandle_I13STM32HardwareLi25ELi25ELi512ELi512EEE
                0x000000000800c1d8       0x14 ./Core/Src/mainpp.o
                0x000000000800c1d8                vtable for ros::NodeHandle_<STM32Hardware, 25, 25, 512, 512>
 .rodata._ZTVN21sensors_53l5a1_driver7controlE
                0x000000000800c1ec       0x18 ./Core/Src/mainpp.o
                0x000000000800c1ec                vtable for sensors_53l5a1_driver::control
 .rodata._ZTVN21sensors_53l5a1_driver11reflectanceE
                0x000000000800c204       0x18 ./Core/Src/mainpp.o
                0x000000000800c204                vtable for sensors_53l5a1_driver::reflectance
 .rodata._ZTVN21sensors_53l5a1_driver6statusE
                0x000000000800c21c       0x18 ./Core/Src/mainpp.o
                0x000000000800c21c                vtable for sensors_53l5a1_driver::status
 .rodata._ZTVN21sensors_53l5a1_driver5sigmaE
                0x000000000800c234       0x18 ./Core/Src/mainpp.o
                0x000000000800c234                vtable for sensors_53l5a1_driver::sigma
 .rodata._ZTVN21sensors_53l5a1_driver8distanceE
                0x000000000800c24c       0x18 ./Core/Src/mainpp.o
                0x000000000800c24c                vtable for sensors_53l5a1_driver::distance
 .rodata._ZTVN21sensors_53l5a1_driver12sig_per_spadE
                0x000000000800c264       0x18 ./Core/Src/mainpp.o
                0x000000000800c264                vtable for sensors_53l5a1_driver::sig_per_spad
 .rodata._ZTVN21sensors_53l5a1_driver11am_per_spadE
                0x000000000800c27c       0x18 ./Core/Src/mainpp.o
                0x000000000800c27c                vtable for sensors_53l5a1_driver::am_per_spad
 .rodata._ZTVN21sensors_53l5a1_driver8nb_spadsE
                0x000000000800c294       0x18 ./Core/Src/mainpp.o
                0x000000000800c294                vtable for sensors_53l5a1_driver::nb_spads
 .rodata._ZTVN8std_msgs6HeaderE
                0x000000000800c2ac       0x18 ./Core/Src/mainpp.o
                0x000000000800c2ac                vtable for std_msgs::Header
 .rodata._ZTVN8std_msgs5EmptyE
                0x000000000800c2c4       0x18 ./Core/Src/mainpp.o
                0x000000000800c2c4                vtable for std_msgs::Empty
 .rodata._ZTVN3ros11Subscriber_E
                0x000000000800c2dc       0x18 ./Core/Src/mainpp.o
                0x000000000800c2dc                vtable for ros::Subscriber_
 .rodata._ZTVN3ros15NodeHandleBase_E
                0x000000000800c2f4       0x14 ./Core/Src/mainpp.o
                0x000000000800c2f4                vtable for ros::NodeHandleBase_
 .rodata._ZTVN14rosserial_msgs20RequestParamResponseE
                0x000000000800c308       0x18 ./Core/Src/mainpp.o
                0x000000000800c308                vtable for rosserial_msgs::RequestParamResponse
 .rodata._ZTVN14rosserial_msgs3LogE
                0x000000000800c320       0x18 ./Core/Src/mainpp.o
                0x000000000800c320                vtable for rosserial_msgs::Log
 .rodata._ZTVN14rosserial_msgs9TopicInfoE
                0x000000000800c338       0x18 ./Core/Src/mainpp.o
                0x000000000800c338                vtable for rosserial_msgs::TopicInfo
 .rodata._ZTVN8std_msgs4TimeE
                0x000000000800c350       0x18 ./Core/Src/mainpp.o
                0x000000000800c350                vtable for std_msgs::Time
 .rodata._ZTVN3ros3MsgE
                0x000000000800c368       0x18 ./Core/Src/mainpp.o
                0x000000000800c368                vtable for ros::Msg
 .rodata.AHBPrescTable
                0x000000000800c380       0x10 ./Core/Src/system_stm32f4xx.o
                0x000000000800c380                AHBPrescTable
 .rodata.APBPrescTable
                0x000000000800c390        0x8 ./Core/Src/system_stm32f4xx.o
                0x000000000800c390                APBPrescTable
 .rodata.VL53L5CX_FIRMWARE
                0x000000000800c398    0x15000 ./Drivers/BSP/Components/vl53l5cx/modules/vl53l5cx_api.o
                0x000000000800c398                VL53L5CX_FIRMWARE
 .rodata.VL53L5CX_DEFAULT_CONFIGURATION
                0x0000000008021398      0x3cc ./Drivers/BSP/Components/vl53l5cx/modules/vl53l5cx_api.o
                0x0000000008021398                VL53L5CX_DEFAULT_CONFIGURATION
 .rodata.VL53L5CX_DEFAULT_XTALK
                0x0000000008021764      0x308 ./Drivers/BSP/Components/vl53l5cx/modules/vl53l5cx_api.o
                0x0000000008021764                VL53L5CX_DEFAULT_XTALK
 .rodata.VL53L5CX_GET_NVM_CMD
                0x0000000008021a6c       0x28 ./Drivers/BSP/Components/vl53l5cx/modules/vl53l5cx_api.o
                0x0000000008021a6c                VL53L5CX_GET_NVM_CMD
 .rodata.flagBitshiftOffset.7863
                0x0000000008021a94        0x8 ./Drivers/STM32F4xx_HAL_Driver/Src/stm32f4xx_hal_dma.o
                0x0000000008021a9c                . = ALIGN (0x4)

.ARM.extab      0x0000000008021a9c        0x0
                0x0000000008021a9c                . = ALIGN (0x4)
 *(.ARM.extab* .gnu.linkonce.armextab.*)
                0x0000000008021a9c                . = ALIGN (0x4)

.ARM            0x0000000008021a9c        0x8
                0x0000000008021a9c                . = ALIGN (0x4)
                0x0000000008021a9c                __exidx_start = .
 *(.ARM.exidx*)
 .ARM.exidx     0x0000000008021a9c        0x8 /opt/st/stm32cubeide_1.7.0/plugins/com.st.stm32cube.ide.mcu.externaltools.gnu-tools-for-stm32.9-2020-q2-update.linux64_2.0.0.202105311346/tools/bin/../lib/gcc/arm-none-eabi/9.3.1/thumb/v7e-m+fp/hard/libgcc.a(_udivmoddi4.o)
                0x0000000008021aa4                __exidx_end = .
                0x0000000008021aa4                . = ALIGN (0x4)

.rel.dyn        0x0000000008021aa4        0x0
 .rel.iplt      0x0000000008021aa4        0x0 /opt/st/stm32cubeide_1.7.0/plugins/com.st.stm32cube.ide.mcu.externaltools.gnu-tools-for-stm32.9-2020-q2-update.linux64_2.0.0.202105311346/tools/bin/../lib/gcc/arm-none-eabi/9.3.1/thumb/v7e-m+fp/hard/crtbegin.o

.preinit_array  0x0000000008021aa4        0x0
                0x0000000008021aa4                . = ALIGN (0x4)
                0x0000000008021aa4                PROVIDE (__preinit_array_start = .)
 *(.preinit_array*)
                0x0000000008021aa4                PROVIDE (__preinit_array_end = .)
                0x0000000008021aa4                . = ALIGN (0x4)

.init_array     0x0000000008021aa4        0x8
                0x0000000008021aa4                . = ALIGN (0x4)
                0x0000000008021aa4                PROVIDE (__init_array_start = .)
 *(SORT_BY_NAME(.init_array.*))
 *(.init_array*)
 .init_array    0x0000000008021aa4        0x4 /opt/st/stm32cubeide_1.7.0/plugins/com.st.stm32cube.ide.mcu.externaltools.gnu-tools-for-stm32.9-2020-q2-update.linux64_2.0.0.202105311346/tools/bin/../lib/gcc/arm-none-eabi/9.3.1/thumb/v7e-m+fp/hard/crtbegin.o
 .init_array    0x0000000008021aa8        0x4 ./Core/Src/mainpp.o
                0x0000000008021aac                PROVIDE (__init_array_end = .)
                0x0000000008021aac                . = ALIGN (0x4)

.fini_array     0x0000000008021aac        0x4
                0x0000000008021aac                . = ALIGN (0x4)
                [!provide]                        PROVIDE (__fini_array_start = .)
 *(SORT_BY_NAME(.fini_array.*))
 *(.fini_array*)
 .fini_array    0x0000000008021aac        0x4 /opt/st/stm32cubeide_1.7.0/plugins/com.st.stm32cube.ide.mcu.externaltools.gnu-tools-for-stm32.9-2020-q2-update.linux64_2.0.0.202105311346/tools/bin/../lib/gcc/arm-none-eabi/9.3.1/thumb/v7e-m+fp/hard/crtbegin.o
                [!provide]                        PROVIDE (__fini_array_end = .)
                0x0000000008021ab0                . = ALIGN (0x4)
                0x0000000008021ab0                _sidata = LOADADDR (.data)

.data           0x0000000020000000       0xb0 load address 0x0000000008021ab0
                0x0000000020000000                . = ALIGN (0x4)
                0x0000000020000000                _sdata = .
 *(.data)
 *(.data*)
 .data.init     0x0000000020000000        0x1 ./Core/Src/main.o
                0x0000000020000000                init
 *fill*         0x0000000020000001        0x3 
 .data.SystemCoreClock
                0x0000000020000004        0x4 ./Core/Src/system_stm32f4xx.o
                0x0000000020000004                SystemCoreClock
 .data.VL53L5CX_RANGING_SENSOR_Driver
                0x0000000020000008       0x38 ./Drivers/BSP/Components/vl53l5cx/vl53l5cx.o
                0x0000000020000008                VL53L5CX_RANGING_SENSOR_Driver
 .data.uwTickPrio
                0x0000000020000040        0x4 ./Drivers/STM32F4xx_HAL_Driver/Src/stm32f4xx_hal.o
                0x0000000020000040                uwTickPrio
 .data.uwTickFreq
                0x0000000020000044        0x1 ./Drivers/STM32F4xx_HAL_Driver/Src/stm32f4xx_hal.o
                0x0000000020000044                uwTickFreq
 *fill*         0x0000000020000045        0x3 
 .data._ZN10__cxxabiv119__terminate_handlerE
                0x0000000020000048        0x4 /opt/st/stm32cubeide_1.7.0/plugins/com.st.stm32cube.ide.mcu.externaltools.gnu-tools-for-stm32.9-2020-q2-update.linux64_2.0.0.202105311346/tools/bin/../lib/gcc/arm-none-eabi/9.3.1/../../../../arm-none-eabi/lib/thumb/v7e-m+fp/hard/libstdc++_nano.a(eh_term_handler.o)
                0x0000000020000048                __cxxabiv1::__terminate_handler
 .data._impure_ptr
                0x000000002000004c        0x4 /opt/st/stm32cubeide_1.7.0/plugins/com.st.stm32cube.ide.mcu.externaltools.gnu-tools-for-stm32.9-2020-q2-update.linux64_2.0.0.202105311346/tools/bin/../lib/gcc/arm-none-eabi/9.3.1/../../../../arm-none-eabi/lib/thumb/v7e-m+fp/hard/libc_nano.a(lib_a-impure.o)
                0x000000002000004c                _impure_ptr
 .data.impure_data
                0x0000000020000050       0x60 /opt/st/stm32cubeide_1.7.0/plugins/com.st.stm32cube.ide.mcu.externaltools.gnu-tools-for-stm32.9-2020-q2-update.linux64_2.0.0.202105311346/tools/bin/../lib/gcc/arm-none-eabi/9.3.1/../../../../arm-none-eabi/lib/thumb/v7e-m+fp/hard/libc_nano.a(lib_a-impure.o)
 *(.RamFunc)
 *(.RamFunc*)
                0x00000000200000b0                . = ALIGN (0x4)
                0x00000000200000b0                _edata = .

.igot.plt       0x00000000200000b0        0x0 load address 0x0000000008021b60