time.h:51:3:ros::Time::Time()	16	static
msg.h:46:7:constexpr ros::Msg::Msg()	16	static
Time.h:19:5:std_msgs::Time::Time()	16	static
Time.h:24:17:virtual int std_msgs::Time::serialize(unsigned char*) const	24	static
Time.h:40:17:virtual int std_msgs::Time::deserialize(unsigned char*)	24	static
Time.h:56:26:virtual const char* std_msgs::Time::getType()	16	static
Time.h:57:26:virtual const char* std_msgs::Time::getMD5()	16	static
TopicInfo.h:34:5:rosserial_msgs::TopicInfo::TopicInfo()	16	static
TopicInfo.h:43:17:virtual int rosserial_msgs::TopicInfo::serialize(unsigned char*) const	40	static
TopicInfo.h:77:17:virtual int rosserial_msgs::TopicInfo::deserialize(unsigned char*)	48	static
TopicInfo.h:124:26:virtual const char* rosserial_msgs::TopicInfo::getType()	16	static
TopicInfo.h:125:26:virtual const char* rosserial_msgs::TopicInfo::getMD5()	16	static
Log.h:25:5:rosserial_msgs::Log::Log()	16	static
Log.h:31:17:virtual int rosserial_msgs::Log::serialize(unsigned char*) const	24	static
Log.h:44:17:virtual int rosserial_msgs::Log::deserialize(unsigned char*)	32	static
Log.h:61:26:virtual const char* rosserial_msgs::Log::getType()	16	static
Log.h:62:26:virtual const char* rosserial_msgs::Log::getMD5()	16	static
RequestParam.h:71:5:rosserial_msgs::RequestParamResponse::RequestParamResponse()	16	static
RequestParam.h:78:17:virtual int rosserial_msgs::RequestParamResponse::serialize(unsigned char*) const	48	static
RequestParam.h:130:17:virtual int rosserial_msgs::RequestParamResponse::deserialize(unsigned char*)	64	static
RequestParam.h:200:26:virtual const char* rosserial_msgs::RequestParamResponse::getType()	16	static
RequestParam.h:201:26:virtual const char* rosserial_msgs::RequestParamResponse::getMD5()	16	static
publisher.h:48:3:ros::Publisher::Publisher(const char*, ros::Msg*, int)	24	static
publisher.h:53:7:int ros::Publisher::publish(const ros::Msg*)	16	static
publisher.h:57:7:int ros::Publisher::getEndpointType()	16	static
STM32Hardware.h:61:21:uint32_t STM32Hardware::getRdmaInd()	16	static
STM32Hardware.h:68:5:STM32Hardware::STM32Hardware()	16	static
STM32Hardware.h:76:10:void STM32Hardware::init()	16	static
STM32Hardware.h:80:10:void STM32Hardware::reset_rbuf()	16	static
STM32Hardware.h:84:9:int STM32Hardware::read()	32	static
STM32Hardware.h:93:10:void STM32Hardware::flush()	24	static
STM32Hardware.h:108:10:void STM32Hardware::write(uint8_t*, int)	32	static
STM32Hardware.h:123:19:long unsigned int STM32Hardware::time()	16	static
Empty.h:16:5:std_msgs::Empty::Empty()	16	static
Empty.h:20:17:virtual int std_msgs::Empty::serialize(unsigned char*) const	24	static
Empty.h:26:17:virtual int std_msgs::Empty::deserialize(unsigned char*)	24	static
Empty.h:32:26:virtual const char* std_msgs::Empty::getType()	16	static
Empty.h:33:26:virtual const char* std_msgs::Empty::getMD5()	16	static
Header.h:23:5:std_msgs::Header::Header()	16	static
Header.h:30:17:virtual int std_msgs::Header::serialize(unsigned char*) const	24	static
Header.h:56:17:virtual int std_msgs::Header::deserialize(unsigned char*)	32	static
Header.h:86:26:virtual const char* std_msgs::Header::getType()	16	static
Header.h:87:26:virtual const char* std_msgs::Header::getMD5()	16	static
nb_spads.h:20:5:sensors_53l5a1_driver::nb_spads::nb_spads()	16	static
nb_spads.h:26:17:virtual int sensors_53l5a1_driver::nb_spads::serialize(unsigned char*) const	24	static
nb_spads.h:40:17:virtual int sensors_53l5a1_driver::nb_spads::deserialize(unsigned char*)	24	static
nb_spads.h:54:26:virtual const char* sensors_53l5a1_driver::nb_spads::getType()	16	static
nb_spads.h:55:26:virtual const char* sensors_53l5a1_driver::nb_spads::getMD5()	16	static
am_per_spad.h:20:5:sensors_53l5a1_driver::am_per_spad::am_per_spad()	16	static
am_per_spad.h:26:17:virtual int sensors_53l5a1_driver::am_per_spad::serialize(unsigned char*) const	24	static
am_per_spad.h:40:17:virtual int sensors_53l5a1_driver::am_per_spad::deserialize(unsigned char*)	24	static
am_per_spad.h:54:26:virtual const char* sensors_53l5a1_driver::am_per_spad::getType()	16	static
am_per_spad.h:55:26:virtual const char* sensors_53l5a1_driver::am_per_spad::getMD5()	16	static
sig_per_spad.h:22:5:sensors_53l5a1_driver::sig_per_spad::sig_per_spad()	16	static
sig_per_spad.h:29:17:virtual int sensors_53l5a1_driver::sig_per_spad::serialize(unsigned char*) const	24	static
sig_per_spad.h:45:17:virtual int sensors_53l5a1_driver::sig_per_spad::deserialize(unsigned char*)	24	static
sig_per_spad.h:61:26:virtual const char* sensors_53l5a1_driver::sig_per_spad::getType()	16	static
sig_per_spad.h:62:26:virtual const char* sensors_53l5a1_driver::sig_per_spad::getMD5()	16	static
distance.h:24:5:sensors_53l5a1_driver::distance::distance()	16	static
distance.h:32:17:virtual int sensors_53l5a1_driver::distance::serialize(unsigned char*) const	24	static
distance.h:48:17:virtual int sensors_53l5a1_driver::distance::deserialize(unsigned char*)	24	static
distance.h:64:26:virtual const char* sensors_53l5a1_driver::distance::getType()	16	static
distance.h:65:26:virtual const char* sensors_53l5a1_driver::distance::getMD5()	16	static
sigma.h:22:5:sensors_53l5a1_driver::sigma::sigma()	16	static
sigma.h:29:17:virtual int sensors_53l5a1_driver::sigma::serialize(unsigned char*) const	24	static
sigma.h:43:17:virtual int sensors_53l5a1_driver::sigma::deserialize(unsigned char*)	24	static
sigma.h:57:26:virtual const char* sensors_53l5a1_driver::sigma::getType()	16	static
sigma.h:58:26:virtual const char* sensors_53l5a1_driver::sigma::getMD5()	16	static
status.h:22:5:sensors_53l5a1_driver::status::status()	16	static
status.h:29:17:virtual int sensors_53l5a1_driver::status::serialize(unsigned char*) const	24	static
status.h:42:17:virtual int sensors_53l5a1_driver::status::deserialize(unsigned char*)	24	static
status.h:55:26:virtual const char* sensors_53l5a1_driver::status::getType()	16	static
status.h:56:26:virtual const char* sensors_53l5a1_driver::status::getMD5()	16	static
reflectance.h:22:5:sensors_53l5a1_driver::reflectance::reflectance()	16	static
reflectance.h:29:17:virtual int sensors_53l5a1_driver::reflectance::serialize(unsigned char*) const	24	static
reflectance.h:42:17:virtual int sensors_53l5a1_driver::reflectance::deserialize(unsigned char*)	24	static
reflectance.h:55:26:virtual const char* sensors_53l5a1_driver::reflectance::getType()	16	static
reflectance.h:56:26:virtual const char* sensors_53l5a1_driver::reflectance::getMD5()	16	static
control.h:35:5:sensors_53l5a1_driver::control::control()	16	static
control.h:48:17:virtual int sensors_53l5a1_driver::control::serialize(unsigned char*) const	40	static
control.h:97:17:virtual int sensors_53l5a1_driver::control::deserialize(unsigned char*)	40	static
control.h:151:26:virtual const char* sensors_53l5a1_driver::control::getType()	16	static
control.h:152:26:virtual const char* sensors_53l5a1_driver::control::getMD5()	16	static
mainpp.cpp:76:6:void reset_msgs()	8	static
mainpp.cpp:100:6:void messageCb(const std_msgs::Empty&)	16	static
mainpp.cpp:110:6:void control_cb(const sensors_53l5a1_driver::control&)	24	static
node_handle.h:50:7:constexpr ros::NodeHandleBase_::NodeHandleBase_()	16	static
node_handle.h:106:7:constexpr ros::NodeHandle_<STM32Hardware>::NodeHandle_()	16	static
mainpp.cpp:196:6:void HAL_UART_TxCpltCallback(UART_HandleTypeDef*)	16	static
mainpp.cpp:199:6:void HAL_UART_RxCpltCallback(UART_HandleTypeDef*)	16	static
mainpp.cpp:208:6:void setup()	8	static
mainpp.cpp:226:6:void loop()	8	static
mainpp.cpp:241:6:void publish_msgs()	48	static
msg.h:188:15:static void ros::Msg::varToArr(A, V) [with A = unsigned char*; V = long unsigned int]	24	static
msg.h:196:15:static void ros::Msg::arrToVar(V&, A) [with V = long unsigned int; A = unsigned char*]	24	static
subscriber.h:44:7:ros::Subscriber_::Subscriber_()	16	static
subscriber.h:107:3:ros::Subscriber<MsgT, void>::Subscriber(const char*, ros::Subscriber<MsgT, void>::CallbackT, int) [with MsgT = std_msgs::Empty]	24	static
subscriber.h:107:3:ros::Subscriber<MsgT, void>::Subscriber(const char*, ros::Subscriber<MsgT, void>::CallbackT, int) [with MsgT = sensors_53l5a1_driver::control]	24	static
node_handle.h:130:13:Hardware* ros::NodeHandle_<Hardware, MAX_SUBSCRIBERS, MAX_PUBLISHERS, INPUT_SIZE, OUTPUT_SIZE>::getHardware() [with Hardware = STM32Hardware; int MAX_SUBSCRIBERS = 25; int MAX_PUBLISHERS = 25; int INPUT_SIZE = 512; int OUTPUT_SIZE = 512]	16	static
node_handle.h:136:8:void ros::NodeHandle_<Hardware, MAX_SUBSCRIBERS, MAX_PUBLISHERS, INPUT_SIZE, OUTPUT_SIZE>::initNode() [with Hardware = STM32Hardware; int MAX_SUBSCRIBERS = 25; int MAX_PUBLISHERS = 25; int INPUT_SIZE = 512; int OUTPUT_SIZE = 512]	16	static
node_handle.h:413:8:bool ros::NodeHandle_<Hardware, MAX_SUBSCRIBERS, MAX_PUBLISHERS, INPUT_SIZE, OUTPUT_SIZE>::subscribe(ros::Subscriber_&) [with Hardware = STM32Hardware; int MAX_SUBSCRIBERS = 25; int MAX_PUBLISHERS = 25; int INPUT_SIZE = 512; int OUTPUT_SIZE = 512]	24	static
node_handle.h:397:8:bool ros::NodeHandle_<Hardware, MAX_SUBSCRIBERS, MAX_PUBLISHERS, INPUT_SIZE, OUTPUT_SIZE>::advertise(ros::Publisher&) [with Hardware = STM32Hardware; int MAX_SUBSCRIBERS = 25; int MAX_PUBLISHERS = 25; int INPUT_SIZE = 512; int OUTPUT_SIZE = 512]	24	static
node_handle.h:189:15:int ros::NodeHandle_<Hardware, MAX_SUBSCRIBERS, MAX_PUBLISHERS, INPUT_SIZE, OUTPUT_SIZE>::spinOnce() [with Hardware = STM32Hardware; int MAX_SUBSCRIBERS = 25; int MAX_PUBLISHERS = 25; int INPUT_SIZE = 512; int OUTPUT_SIZE = 512]	32	static
node_handle.h:354:8:void ros::NodeHandle_<Hardware, MAX_SUBSCRIBERS, MAX_PUBLISHERS, INPUT_SIZE, OUTPUT_SIZE>::requestSyncTime() [with Hardware = STM32Hardware; int MAX_SUBSCRIBERS = 25; int MAX_PUBLISHERS = 25; int INPUT_SIZE = 512; int OUTPUT_SIZE = 512]	32	static
node_handle.h:445:8:void ros::NodeHandle_<Hardware, MAX_SUBSCRIBERS, MAX_PUBLISHERS, INPUT_SIZE, OUTPUT_SIZE>::negotiateTopics() [with Hardware = STM32Hardware; int MAX_SUBSCRIBERS = 25; int MAX_PUBLISHERS = 25; int INPUT_SIZE = 512; int OUTPUT_SIZE = 512]	56	static
node_handle.h:361:8:void ros::NodeHandle_<Hardware, MAX_SUBSCRIBERS, MAX_PUBLISHERS, INPUT_SIZE, OUTPUT_SIZE>::syncTime(uint8_t*) [with Hardware = STM32Hardware; int MAX_SUBSCRIBERS = 25; int MAX_PUBLISHERS = 25; int INPUT_SIZE = 512; int OUTPUT_SIZE = 512]	32	static
node_handle.h:476:15:int ros::NodeHandle_<Hardware, MAX_SUBSCRIBERS, MAX_PUBLISHERS, INPUT_SIZE, OUTPUT_SIZE>::publish(int, const ros::Msg*) [with Hardware = STM32Hardware; int MAX_SUBSCRIBERS = 25; int MAX_PUBLISHERS = 25; int INPUT_SIZE = 512; int OUTPUT_SIZE = 512]	40	static
node_handle.h:384:8:void ros::NodeHandle_<Hardware, MAX_SUBSCRIBERS, MAX_PUBLISHERS, INPUT_SIZE, OUTPUT_SIZE>::setNow(const ros::Time&) [with Hardware = STM32Hardware; int MAX_SUBSCRIBERS = 25; int MAX_PUBLISHERS = 25; int INPUT_SIZE = 512; int OUTPUT_SIZE = 512]	24	static
node_handle.h:538:8:void ros::NodeHandle_<Hardware, MAX_SUBSCRIBERS, MAX_PUBLISHERS, INPUT_SIZE, OUTPUT_SIZE>::logerror(const char*) [with Hardware = STM32Hardware; int MAX_SUBSCRIBERS = 25; int MAX_PUBLISHERS = 25; int INPUT_SIZE = 512; int OUTPUT_SIZE = 512]	16	static
node_handle.h:517:8:void ros::NodeHandle_<Hardware, MAX_SUBSCRIBERS, MAX_PUBLISHERS, INPUT_SIZE, OUTPUT_SIZE>::log(char, const char*) [with Hardware = STM32Hardware; int MAX_SUBSCRIBERS = 25; int MAX_PUBLISHERS = 25; int INPUT_SIZE = 512; int OUTPUT_SIZE = 512]	40	static
mainpp.cpp:326:1:void __static_initialization_and_destruction_0(int, int)	16	static
subscriber.h:114:16:void ros::Subscriber<MsgT, void>::callback(unsigned char*) [with MsgT = sensors_53l5a1_driver::control]	16	static
subscriber.h:128:15:int ros::Subscriber<MsgT, void>::getEndpointType() [with MsgT = sensors_53l5a1_driver::control]	16	static
subscriber.h:120:24:const char* ros::Subscriber<MsgT, void>::getMsgType() [with MsgT = sensors_53l5a1_driver::control]	16	static
subscriber.h:124:24:const char* ros::Subscriber<MsgT, void>::getMsgMD5() [with MsgT = sensors_53l5a1_driver::control]	16	static
subscriber.h:114:16:void ros::Subscriber<MsgT, void>::callback(unsigned char*) [with MsgT = std_msgs::Empty]	16	static
subscriber.h:128:15:int ros::Subscriber<MsgT, void>::getEndpointType() [with MsgT = std_msgs::Empty]	16	static
subscriber.h:120:24:const char* ros::Subscriber<MsgT, void>::getMsgType() [with MsgT = std_msgs::Empty]	16	static
subscriber.h:124:24:const char* ros::Subscriber<MsgT, void>::getMsgMD5() [with MsgT = std_msgs::Empty]	16	static
node_handle.h:345:16:bool ros::NodeHandle_<Hardware, MAX_SUBSCRIBERS, MAX_PUBLISHERS, INPUT_SIZE, OUTPUT_SIZE>::connected() [with Hardware = STM32Hardware; int MAX_SUBSCRIBERS = 25; int MAX_PUBLISHERS = 25; int INPUT_SIZE = 512; int OUTPUT_SIZE = 512]	16	static
mainpp.cpp:326:1:cpp)	8	static
