vl53l5cx_api.c:73:16:_vl53l5cx_poll_for_answer	24	static
vl53l5cx_api.c:111:16:_vl53l5cx_send_offset_data	432	static
vl53l5cx_api.c:177:16:_vl53l5cx_send_xtalk_data	304	static
vl53l5cx_api.c:232:9:vl53l5cx_is_alive	24	static
vl53l5cx_api.c:256:9:vl53l5cx_init	48	static
vl53l5cx_api.c:399:9:vl53l5cx_set_i2c_address	24	static
vl53l5cx_api.c:413:9:vl53l5cx_get_power_mode	24	static
vl53l5cx_api.c:442:9:vl53l5cx_set_power_mode	32	static
vl53l5cx_api.c:477:9:vl53l5cx_start_ranging	128	static
vl53l5cx_api.c:604:9:vl53l5cx_stop_ranging	32	static
vl53l5cx_api.c:646:9:vl53l5cx_check_data_ready	24	static
vl53l5cx_api.c:673:9:vl53l5cx_get_ranging_data	40	static
vl53l5cx_api.c:818:9:vl53l5cx_get_resolution	24	static
vl53l5cx_api.c:833:9:vl53l5cx_set_resolution	24	static
vl53l5cx_api.c:898:9:vl53l5cx_get_ranging_frequency_hz	24	static
vl53l5cx_api.c:911:9:vl53l5cx_set_ranging_frequency_hz	40	static
vl53l5cx_api.c:924:9:vl53l5cx_get_integration_time_ms	24	static
vl53l5cx_api.c:939:9:vl53l5cx_set_integration_time_ms	40	static
vl53l5cx_api.c:963:9:vl53l5cx_get_sharpener_percent	24	static
vl53l5cx_api.c:978:9:vl53l5cx_set_sharpener_percent	40	static
vl53l5cx_api.c:1000:9:vl53l5cx_get_target_order	24	static
vl53l5cx_api.c:1013:9:vl53l5cx_set_target_order	40	static
vl53l5cx_api.c:1033:9:vl53l5cx_get_ranging_mode	24	static
vl53l5cx_api.c:1054:9:vl53l5cx_set_ranging_mode	24	static
vl53l5cx_api.c:1093:9:vl53l5cx_dci_read_data	56	static
vl53l5cx_api.c:1139:9:vl53l5cx_dci_write_data	56	static
vl53l5cx_api.c:1194:9:vl53l5cx_dci_replace_data	32	static
